Component: ARM Compiler 5.06 update 6 (build 750) Tool: armlink [4d35ed]

==============================================================================

Section Cross References

    startup_stm32f405xx.o(RESET) refers to startup_stm32f405xx.o(STACK) for __initial_sp
    startup_stm32f405xx.o(RESET) refers to startup_stm32f405xx.o(.text) for Reset_Handler
    startup_stm32f405xx.o(RESET) refers to stm32f4xx_it.o(i.NMI_Handler) for NMI_Handler
    startup_stm32f405xx.o(RESET) refers to stm32f4xx_it.o(i.HardFault_Handler) for HardFault_Handler
    startup_stm32f405xx.o(RESET) refers to stm32f4xx_it.o(i.MemManage_Handler) for MemManage_Handler
    startup_stm32f405xx.o(RESET) refers to stm32f4xx_it.o(i.BusFault_Handler) for BusFault_Handler
    startup_stm32f405xx.o(RESET) refers to stm32f4xx_it.o(i.UsageFault_Handler) for UsageFault_Handler
    startup_stm32f405xx.o(RESET) refers to stm32f4xx_it.o(i.SVC_Handler) for SVC_Handler
    startup_stm32f405xx.o(RESET) refers to stm32f4xx_it.o(i.DebugMon_Handler) for DebugMon_Handler
    startup_stm32f405xx.o(RESET) refers to stm32f4xx_it.o(i.PendSV_Handler) for PendSV_Handler
    startup_stm32f405xx.o(RESET) refers to stm32f4xx_it.o(i.SysTick_Handler) for SysTick_Handler
    startup_stm32f405xx.o(RESET) refers to stm32f4xx_it.o(i.DMA1_Stream5_IRQHandler) for DMA1_Stream5_IRQHandler
    startup_stm32f405xx.o(RESET) refers to stm32f4xx_it.o(i.DMA2_Stream0_IRQHandler) for DMA2_Stream0_IRQHandler
    startup_stm32f405xx.o(RESET) refers to stm32f4xx_it.o(i.DMA2_Stream3_IRQHandler) for DMA2_Stream3_IRQHandler
    startup_stm32f405xx.o(RESET) refers to stm32f4xx_it.o(i.DMA2_Stream5_IRQHandler) for DMA2_Stream5_IRQHandler
    startup_stm32f405xx.o(RESET) refers to stm32f4xx_it.o(i.DMA2_Stream6_IRQHandler) for DMA2_Stream6_IRQHandler
    startup_stm32f405xx.o(.text) refers to system_stm32f4xx.o(i.SystemInit) for SystemInit
    startup_stm32f405xx.o(.text) refers to entry.o(.ARM.Collect$$$$00000000) for __main
    nes_channels.o(i.ReadMemory_pAPU) refers to main.o(.bss) for pulse1
    nes_channels.o(i.ReadMemory_pAPU) refers to main.o(.data) for noise
    nes_channels.o(i.ReadMemory_pAPU) refers to nes_channels.o(.data) for .data
    nes_channels.o(i.ReadMemory_pAPU) refers to nes_channels.o(.bss) for .bss
    nes_channels.o(i.WriteMemory_pAPU) refers to nes_channels.o(i.updatePulse) for updatePulse
    nes_channels.o(i.WriteMemory_pAPU) refers to nes_channels.o(i.updateTriangle) for updateTriangle
    nes_channels.o(i.WriteMemory_pAPU) refers to nes_channels.o(i.updateNoise) for updateNoise
    nes_channels.o(i.WriteMemory_pAPU) refers to main.o(.bss) for pulse1
    nes_channels.o(i.WriteMemory_pAPU) refers to main.o(.data) for noise
    nes_channels.o(i.WriteMemory_pAPU) refers to nes_channels.o(.data) for .data
    nes_channels.o(i.WriteMemory_pAPU) refers to nes_channels.o(.bss) for .bss
    nes_channels.o(i.initTriangleLookup) refers to nes_channels.o(.bss) for .bss
    button.o(i.initButtons) refers to main.o(i.SW5_pressed_callback) for SW5_pressed_callback
    button.o(i.initButtons) refers to button.o(.data) for .data
    button.o(i.initButtons) refers to main.o(i.SW6_pressed_callback) for SW6_pressed_callback
    button.o(i.updateButton) refers to stm32f4xx_hal_gpio.o(i.HAL_GPIO_ReadPin) for HAL_GPIO_ReadPin
    button.o(i.updateButtons) refers to button.o(i.updateButton) for updateButton
    button.o(i.updateButtons) refers to button.o(.data) for .data
    main.o(i.HAL_DAC_ConvCpltCallbackCh1) refers to main.o(i.update_DAC_BUFFER) for update_DAC_BUFFER
    main.o(i.HAL_DAC_ConvCpltCallbackCh1) refers to main.o(.bss) for .bss
    main.o(i.HAL_DAC_ConvHalfCpltCallbackCh1) refers to main.o(i.update_DAC_BUFFER) for update_DAC_BUFFER
    main.o(i.HAL_DAC_ConvHalfCpltCallbackCh1) refers to main.o(.bss) for .bss
    main.o(i.MX_DMA_Init) refers to stm32f4xx_hal_cortex.o(i.HAL_NVIC_SetPriority) for HAL_NVIC_SetPriority
    main.o(i.MX_DMA_Init) refers to stm32f4xx_hal_cortex.o(i.HAL_NVIC_EnableIRQ) for HAL_NVIC_EnableIRQ
    main.o(i.MX_GPIO_Init) refers to memseta.o(.text) for __aeabi_memclr4
    main.o(i.MX_GPIO_Init) refers to stm32f4xx_hal_gpio.o(i.HAL_GPIO_WritePin) for HAL_GPIO_WritePin
    main.o(i.MX_GPIO_Init) refers to stm32f4xx_hal_gpio.o(i.HAL_GPIO_Init) for HAL_GPIO_Init
    main.o(i.MX_SPI1_Init) refers to stm32f4xx_hal_spi.o(i.HAL_SPI_Init) for HAL_SPI_Init
    main.o(i.MX_SPI1_Init) refers to main.o(.bss) for .bss
    main.o(i.ReadMemory_ExRAM) refers to main.o(.bss) for .bss
    main.o(i.ReadMemory_RAM) refers to main.o(.bss) for .bss
    main.o(i.ReadMemory_ROM) refers to main.o(.bss) for .bss
    main.o(i.ReadMemory_SRAM) refers to main.o(.bss) for .bss
    main.o(i.SW5_pressed_callback) refers to main.o(i.initSong) for initSong
    main.o(i.SW5_pressed_callback) refers to main.o(.data) for .data
    main.o(i.SystemClock_Config) refers to memseta.o(.text) for __aeabi_memclr4
[...]
    get_ldnumber                             0x080072d3   Thumb Code    60  ff.o(i.get_ldnumber)
    i.inc_lock                               0x08007310   Section        0  ff.o(i.inc_lock)
    inc_lock                                 0x08007311   Thumb Code   124  ff.o(i.inc_lock)
    i.initButtons                            0x08007390   Section        0  button.o(i.initButtons)
    i.initInstruction                        0x080073ac   Section        0  main.o(i.initInstruction)
    i.initRAM                                0x080073ec   Section        0  main.o(i.initRAM)
    i.initSong                               0x080074e0   Section        0  main.o(i.initSong)
    i.initTriangleLookup                     0x08007598   Section        0  nes_channels.o(i.initTriangleLookup)
    i.ld_clust                               0x080075bc   Section        0  ff.o(i.ld_clust)
    ld_clust                                 0x080075bd   Thumb Code    38  ff.o(i.ld_clust)
    i.ld_dword                               0x080075e2   Section        0  ff.o(i.ld_dword)
    ld_dword                                 0x080075e3   Thumb Code    22  ff.o(i.ld_dword)
    i.ld_word                                0x080075f8   Section        0  ff.o(i.ld_word)
    ld_word                                  0x080075f9   Thumb Code    10  ff.o(i.ld_word)
    i.load_NSF_data                          0x08007604   Section        0  main.o(i.load_NSF_data)
    i.main                                   0x08007628   Section        0  main.o(i.main)
    i.malloc                                 0x08007a8c   Section        0  malloc.o(i.malloc)
    i.mem_cpy                                0x08007af8   Section        0  ff.o(i.mem_cpy)
    mem_cpy                                  0x08007af9   Thumb Code    18  ff.o(i.mem_cpy)
    i.mem_set                                0x08007b0c   Section        0  ff.o(i.mem_set)
    mem_set                                  0x08007b0d   Thumb Code    14  ff.o(i.mem_set)
    i.mixAudio                               0x08007b1c   Section        0  main.o(i.mixAudio)
    i.move_window                            0x08007c00   Section        0  ff.o(i.move_window)
    move_window                              0x08007c01   Thumb Code    50  ff.o(i.move_window)
    i.print                                  0x08007c34   Section        0  lcd.o(i.print)
    print                                    0x08007c35   Thumb Code   240  lcd.o(i.print)
    i.printi                                 0x08007d2c   Section        0  lcd.o(i.printi)
    printi                                   0x08007d2d   Thumb Code   148  lcd.o(i.printi)
    i.prints                                 0x08007dc0   Section        0  lcd.o(i.prints)
    prints                                   0x08007dc1   Thumb Code   116  lcd.o(i.prints)
    i.put_fat                                0x08007e34   Section        0  ff.o(i.put_fat)
    put_fat                                  0x08007e35   Thumb Code   292  ff.o(i.put_fat)
    i.readNoise                              0x08007f58   Section        0  nes_channels.o(i.readNoise)
    i.readPulse                              0x08007fe4   Section        0  nes_channels.o(i.readPulse)
    i.readTriangle                           0x0800804c   Section        0  nes_channels.o(i.readTriangle)
    i.remove_chain                           0x080080b0   Section        0  ff.o(i.remove_chain)
    remove_chain                             0x080080b1   Thumb Code   116  ff.o(i.remove_chain)
    i.scan_files                             0x08008124   Section        0  main.o(i.scan_files)
    i.st_clust                               0x080081b0   Section        0  ff.o(i.st_clust)
    st_clust                                 0x080081b1   Thumb Code    40  ff.o(i.st_clust)
    i.st_dword                               0x080081d8   Section        0  ff.o(i.st_dword)
    st_dword                                 0x080081d9   Thumb Code    16  ff.o(i.st_dword)
    i.st_word                                0x080081e8   Section        0  ff.o(i.st_word)
    st_word                                  0x080081e9   Thumb Code     8  ff.o(i.st_word)
    i.sync_fs                                0x080081f0   Section        0  ff.o(i.sync_fs)
    sync_fs                                  0x080081f1   Thumb Code   126  ff.o(i.sync_fs)
    i.sync_window                            0x08008278   Section        0  ff.o(i.sync_window)
    sync_window                              0x08008279   Thumb Code    82  ff.o(i.sync_window)
    i.tft_char_is_changed                    0x080082cc   Section        0  lcd.o(i.tft_char_is_changed)
    tft_char_is_changed                      0x080082cd   Thumb Code   164  lcd.o(i.tft_char_is_changed)
    i.tft_clear                              0x08008374   Section        0  lcd.o(i.tft_clear)
    tft_clear                                0x08008375   Thumb Code    60  lcd.o(i.tft_clear)
    i.tft_clear2                             0x080083b4   Section        0  lcd.o(i.tft_clear2)
    tft_clear2                               0x080083b5   Thumb Code   118  lcd.o(i.tft_clear2)
    i.tft_force_clear                        0x08008430   Section        0  lcd.o(i.tft_force_clear)
    i.tft_init                               0x08008468   Section        0  lcd.o(i.tft_init)
    i.tft_print_image                        0x08008564   Section        0  lcd.o(i.tft_print_image)
    i.tft_print_image2                       0x08008588   Section        0  lcd.o(i.tft_print_image2)
    i.tft_print_rectangle                    0x080085d0   Section        0  lcd.o(i.tft_print_rectangle)
    i.tft_printc                             0x080086d8   Section        0  lcd.o(i.tft_printc)
    i.tft_prints                             0x080087d4   Section        0  lcd.o(i.tft_prints)
    i.tft_set_region                         0x08008806   Section        0  lcd.o(i.tft_set_region)
    tft_set_region                           0x08008807   Thumb Code    34  lcd.o(i.tft_set_region)
    i.tft_update                             0x08008828   Section        0  lcd.o(i.tft_update)
    i.updateButton                           0x080089b4   Section        0  button.o(i.updateButton)
    i.updateButtons                          0x080089f4   Section        0  button.o(i.updateButtons)
    i.updateNoise                            0x08008a2c   Section        0  nes_channels.o(i.updateNoise)
    i.updatePulse                            0x08008a68   Section        0  nes_channels.o(i.updatePulse)
    i.updateTriangle                         0x08008ab0   Section        0  nes_channels.o(i.updateTriangle)
    i.update_DAC_BUFFER                      0x08008aec   Section        0  main.o(i.update_DAC_BUFFER)
    i.validate                               0x08008b48   Section        0  ff.o(i.validate)
    validate                                 0x08008b49   Thumb Code    52  ff.o(i.validate)
    i.write_2hword                           0x08008b7c   Section        0  lcd.o(i.write_2hword)
    write_2hword                             0x08008b7d   Thumb Code    40  lcd.o(i.write_2hword)
    i.write_command                          0x08008ba4   Section        0  lcd.o(i.write_command)
    write_command                            0x08008ba5   Thumb Code    48  lcd.o(i.write_command)
    i.write_data                             0x08008bdc   Section        0  lcd.o(i.write_data)
    write_data                               0x08008bdd   Thumb Code    12  lcd.o(i.write_data)
    i.write_many                             0x08008bec   Section        0  lcd.o(i.write_many)
    write_many                               0x08008bed   Thumb Code    22  lcd.o(i.write_many)
    i.write_many_dma                         0x08008c04   Section        0  lcd.o(i.write_many_dma)
    write_many_dma                           0x08008c05   Thumb Code    24  lcd.o(i.write_many_dma)
    .constdata                               0x08008c20   Section       84  nes_channels.o(.constdata)
    .constdata                               0x08008c74   Section      512  main.o(.constdata)
    CPU_Cycles                               0x08008c74   Data         256  main.o(.constdata)
    NZTable                                  0x08008d74   Data         256  main.o(.constdata)
    .constdata                               0x08008e74   Section     3678  lcd.o(.constdata)
    ascii_8x16                               0x08008e78   Data        3584  lcd.o(.constdata)
    .constdata                               0x08009cd2   Section        8  stm32f4xx_hal_dma.o(.constdata)
    flagBitshiftOffset                       0x08009cd2   Data           8  stm32f4xx_hal_dma.o(.constdata)
    .constdata                               0x08009cda   Section       16  system_stm32f4xx.o(.constdata)
    .constdata                               0x08009cec   Section       20  sd_diskio.o(.constdata)
    .constdata                               0x08009d00   Section      156  ff.o(.constdata)
    ExCvt                                    0x08009d00   Data         128  ff.o(.constdata)
    cst                                      0x08009d80   Data          14  ff.o(.constdata)
    cst32                                    0x08009d8e   Data          14  ff.o(.constdata)
    .data                                    0x10000000   Section       72  main.o(.data)
    wav_counter                              0x10000004   Data           1  main.o(.data)
    regA                                     0x10000005   Data           1  main.o(.data)
    regX                                     0x10000006   Data           1  main.o(.data)
    regY                                     0x10000007   Data           1  main.o(.data)
    regP                                     0x10000008   Data           1  main.o(.data)
    regSP                                    0x10000009   Data           1  main.o(.data)
    bPALMode                                 0x1000000a   Data           1  main.o(.data)
    bCPUJammed                               0x1000000b   Data           1  main.o(.data)
    bIgnoreBRK                               0x1000000c   Data           1  main.o(.data)
    bIgnoreIllegalOps                        0x1000000d   Data           1  main.o(.data)
    val                                      0x1000000e   Data           1  main.o(.data)
    op                                       0x1000000f   Data           1  main.o(.data)
    regPC                                    0x10000012   Data           2  main.o(.data)
    last_wav_ticks                           0x10000014   Data           4  main.o(.data)
    last_lcd_ticks                           0x10000018   Data           4  main.o(.data)
    last_led_ticks                           0x1000001c   Data           4  main.o(.data)
    last_led2_ticks                          0x10000020   Data           4  main.o(.data)
    last_button_ticks                        0x10000024   Data           4  main.o(.data)
    pStack                                   0x10000028   Data           4  main.o(.data)
    nCPUCycle                                0x1000002c   Data           4  main.o(.data)
    nAPUCycle                                0x10000030   Data           4  main.o(.data)
    .data                                    0x10000048   Section       28  lcd.o(.data)
    state                                    0x1000004a   Data           1  lcd.o(.data)
    chari                                    0x1000004b   Data           1  lcd.o(.data)
    charj                                    0x1000004c   Data           1  lcd.o(.data)
    adj_cnt                                  0x1000004d   Data           1  lcd.o(.data)
    last_update                              0x1000005c   Data           4  lcd.o(.data)
    last_update                              0x10000060   Data           4  lcd.o(.data)
    .data                                    0x10000064   Section        5  fatfs.o(.data)
    .data                                    0x1000006c   Section        8  ff.o(.data)
    Fsid                                     0x1000006c   Data           2  ff.o(.data)
    FatFs                                    0x10000070   Data           4  ff.o(.data)
    .data                                    0x10000074   Section        4  mvars.o(.data)
    .bss                                     0x10000078   Section       64  nes_channels.o(.bss)
    .bss                                     0x100000b8   Section     4148  fatfs.o(.bss)
    HEAP                                     0x100010f0   Section      512  startup_stm32f405xx.o(HEAP)
    STACK                                    0x100012f0   Section     1024  startup_stm32f405xx.o(STACK)
    .data                                    0x20000000   Section       35  nes_channels.o(.data)
    .data                                    0x20000024   Section       96  button.o(.data)
    .data                                    0x20000084   Section       12  stm32f4xx_hal.o(.data)
    .data                                    0x20000090   Section        4  system_stm32f4xx.o(.data)
    .data                                    0x20000094   Section        1  sd_diskio.o(.data)
    Stat                                     0x20000094   Data           1  sd_diskio.o(.data)
    .data                                    0x20000098   Section        4  mvars.o(.data)
    .bss                                     0x2000009c   Section    49204  main.o(.bss)
    fno                                      0x200004d0   Data          24  main.o(.bss)
    pRAM                                     0x200004e8   Data        2048  main.o(.bss)
    pSRAM                                    0x20000ce8   Data        8192  main.o(.bss)
    pExRAM                                   0x20002ce8   Data        4096  main.o(.bss)
    pROM_Full                                0x20003ce8   Data       32768  main.o(.bss)
    pROM                                     0x2000bce8   Data          40  main.o(.bss)
    ReadMemory                               0x2000bd10   Data          64  main.o(.bss)
    WriteMemory                              0x2000bd50   Data          64  main.o(.bss)
    .bss                                     0x2000c0d0   Section       96  main.o(.bss)
    .bss                                     0x2000c130   Section       96  main.o(.bss)
    .bss                                     0x2000c190   Section       96  main.o(.bss)
    .bss                                     0x2000c1f0   Section       96  main.o(.bss)
    .bss                                     0x2000c250   Section       96  main.o(.bss)
    .bss                                     0x2000c2b0   Section    12002  lcd.o(.bss)
    .bss                                     0x2000f192   Section     5376  lcd.o(.bss)
    tft_dma_bufs                             0x2000f192   Data        5376  lcd.o(.bss)
    .bss                                     0x20010694   Section     4144  fatfs.o(.bss)
    .bss                                     0x200116c4   Section       32  ff.o(.bss)
    Files                                    0x200116c4   Data          32  ff.o(.bss)
    .bss                                     0x200116e4   Section       12  ff_gen_drv.o(.bss)

    Global Symbols

    Symbol Name                              Value     Ov Type        Size  Object(Section)

    BuildAttributes$$THM_ISAv4$E$P$D$K$B$S$7EM$VFPi3$EXTD16$VFPS$VFMA$PE$A:L22UL41UL21$X:L11$S22US41US21$IEEE1$IW$USESV6$~STKCKD$USESV7$~SHL$OSPACE$ROPI$EBA8$MICROLIB$REQ8$PRES8$EABIv2 0x00000000   Number         0  anon$$obj.o ABSOLUTE
    __ARM_use_no_argv                        0x00000000   Number         0  main.o ABSOLUTE
    _printf_a                                0x00000000   Number         0  stubs.o ABSOLUTE
    _printf_c                                0x00000000   Number         0  stubs.o ABSOLUTE
    _printf_charcount                        0x00000000   Number         0  stubs.o ABSOLUTE
    _printf_d                                0x00000000   Number         0  stubs.o ABSOLUTE
    _printf_e                                0x00000000   Number         0  stubs.o ABSOLUTE
    _printf_f                                0x00000000   Number         0  stubs.o ABSOLUTE
    _printf_flags                            0x00000000   Number         0  stubs.o ABSOLUTE
    _printf_fp_dec                           0x00000000   Number         0  stubs.o ABSOLUTE
    _printf_fp_hex                           0x00000000   Number         0  stubs.o ABSOLUTE
    _printf_g                                0x00000000   Number         0  stubs.o ABSOLUTE
    _printf_i                                0x00000000   Number         0  stubs.o ABSOLUTE
    _printf_int_dec                          0x00000000   Number         0  stubs.o ABSOLUTE
    _printf_l                                0x00000000   Number         0  stubs.o ABSOLUTE
    _printf_lc                               0x00000000   Number         0  stubs.o ABSOLUTE
    _printf_ll                               0x00000000   Number         0  stubs.o ABSOLUTE
    _printf_lld                              0x00000000   Number         0  stubs.o ABSOLUTE
    _printf_lli                              0x00000000   Number         0  stubs.o ABSOLUTE
    _printf_llo                              0x00000000   Number         0  stubs.o ABSOLUTE
    _printf_llu                              0x00000000   Number         0  stubs.o ABSOLUTE
    _printf_llx                              0x00000000   Number         0  stubs.o ABSOLUTE
    _printf_longlong_dec                     0x00000000   Number         0  stubs.o ABSOLUTE
    _printf_longlong_hex                     0x00000000   Number         0  stubs.o ABSOLUTE
    _printf_longlong_oct                     0x00000000   Number         0  stubs.o ABSOLUTE
    _printf_ls                               0x00000000   Number         0  stubs.o ABSOLUTE
    _printf_mbtowc                           0x00000000   Number         0  stubs.o ABSOLUTE
    _printf_n                                0x00000000   Number         0  stubs.o ABSOLUTE
    _printf_o                                0x00000000   Number         0  stubs.o ABSOLUTE
    _printf_p                                0x00000000   Number         0  stubs.o ABSOLUTE
    _printf_percent                          0x00000000   Number         0  stubs.o ABSOLUTE
    _printf_pre_padding                      0x00000000   Number         0  stubs.o ABSOLUTE
    _printf_return_value                     0x00000000   Number         0  stubs.o ABSOLUTE
    _printf_s                                0x00000000   Number         0  stubs.o ABSOLUTE
    _printf_sizespec                         0x00000000   Number         0  stubs.o ABSOLUTE
    _printf_str                              0x00000000   Number         0  stubs.o ABSOLUTE
    _printf_truncate_signed                  0x00000000   Number         0  stubs.o ABSOLUTE
    _printf_truncate_unsigned                0x00000000   Number         0  stubs.o ABSOLUTE
    _printf_u                                0x00000000   Number         0  stubs.o ABSOLUTE
    _printf_wc                               0x00000000   Number         0  stubs.o ABSOLUTE
    _printf_wctomb                           0x00000000   Number         0  stubs.o ABSOLUTE
    _printf_widthprec                        0x00000000   Number         0  stubs.o ABSOLUTE
    _printf_x                                0x00000000   Number         0  stubs.o ABSOLUTE
    __cpp_initialize__aeabi_                  - Undefined Weak Reference
    __cxa_finalize                            - Undefined Weak Reference
    __decompress                              - Undefined Weak Reference
    _clock_init                               - Undefined Weak Reference
    _microlib_exit                            - Undefined Weak Reference
    __Vectors_Size                           0x00000188   Number         0  startup_stm32f405xx.o ABSOLUTE
    __Vectors                                0x08000000   Data           4  startup_stm32f405xx.o(RESET)
    __Vectors_End                            0x08000188   Data           0  startup_stm32f405xx.o(RESET)
    __main                                   0x08000189   Thumb Code     0  entry.o(.ARM.Collect$$$$00000000)
    _main_stk                                0x08000189   Thumb Code     0  entry2.o(.ARM.Collect$$$$00000001)
    _main_scatterload                        0x0800018d   Thumb Code     0  entry5.o(.ARM.Collect$$$$00000004)
    __main_after_scatterload                 0x08000191   Thumb Code     0  entry5.o(.ARM.Collect$$$$00000004)
    _main_clock                              0x08000191   Thumb Code     0  entry7b.o(.ARM.Collect$$$$00000008)
    _main_cpp_init                           0x08000191   Thumb Code     0  entry8b.o(.ARM.Collect$$$$0000000A)
    _main_init                               0x08000191   Thumb Code     0  entry9a.o(.ARM.Collect$$$$0000000B)
    __rt_final_cpp                           0x08000199   Thumb Code     0  entry10a.o(.ARM.Collect$$$$0000000D)
    __rt_final_exit                          0x08000199   Thumb Code     0  entry11a.o(.ARM.Collect$$$$0000000F)
    Reset_Handler                            0x0800019d   Thumb Code     8  startup_stm32f405xx.o(.text)
    ADC_IRQHandler                           0x080001b7   Thumb Code     0  startup_stm32f405xx.o(.text)
    CAN1_RX0_IRQHandler                      0x080001b7   Thumb Code     0  startup_stm32f405xx.o(.text)
    CAN1_RX1_IRQHandler                      0x080001b7   Thumb Code     0  startup_stm32f405xx.o(.text)
    CAN1_SCE_IRQHandler                      0x080001b7   Thumb Code     0  startup_stm32f405xx.o(.text)
    CAN1_TX_IRQHandler                       0x080001b7   Thumb Code     0  startup_stm32f405xx.o(.text)
    CAN2_RX0_IRQHandler                      0x080001b7   Thumb Code     0  startup_stm32f405xx.o(.text)
    CAN2_RX1_IRQHandler                      0x080001b7   Thumb Code     0  startup_stm32f405xx.o(.text)
    CAN2_SCE_IRQHandler                      0x080001b7   Thumb Code     0  startup_stm32f405xx.o(.text)
    CAN2_TX_IRQHandler                       0x080001b7   Thumb Code     0  startup_stm32f405xx.o(.text)
    DMA1_Stream0_IRQHandler                  0x080001b7   Thumb Code     0  startup_stm32f405xx.o(.text)
    DMA1_Stream1_IRQHandler                  0x080001b7   Thumb Code     0  startup_stm32f405xx.o(.text)
    DMA1_Stream2_IRQHandler                  0x080001b7   Thumb Code     0  startup_stm32f405xx.o(.text)
    DMA1_Stream3_IRQHandler                  0x080001b7   Thumb Code     0  startup_stm32f405xx.o(.text)
    DMA1_Stream4_IRQHandler                  0x080001b7   Thumb Code     0  startup_stm32f405xx.o(.text)
    DMA1_Stream6_IRQHandler                  0x080001b7   Thumb Code     0  startup_stm32f405xx.o(.text)
    DMA1_Stream7_IRQHandler                  0x080001b7   Thumb Code     0  startup_stm32f405xx.o(.text)
    DMA2_Stream1_IRQHandler                  0x080001b7   Thumb Code     0  startup_stm32f405xx.o(.text)
    DMA2_Stream2_IRQHandler                  0x080001b7   Thumb Code     0  startup_stm32f405xx.o(.text)
    DMA2_Stream4_IRQHandler                  0x080001b7   Thumb Code     0  startup_stm32f405xx.o(.text)
    DMA2_Stream7_IRQHandler                  0x080001b7   Thumb Code     0  startup_stm32f405xx.o(.text)
    EXTI0_IRQHandler                         0x080001b7   Thumb Code     0  startup_stm32f405xx.o(.text)
    EXTI15_10_IRQHandler                     0x080001b7   Thumb Code     0  startup_stm32f405xx.o(.text)
    EXTI1_IRQHandler                         0x080001b7   Thumb Code     0  startup_stm32f405xx.o(.text)
    EXTI2_IRQHandler                         0x080001b7   Thumb Code     0  startup_stm32f405xx.o(.text)
    EXTI3_IRQHandler                         0x080001b7   Thumb Code     0  startup_stm32f405xx.o(.text)
    EXTI4_IRQHandler                         0x080001b7   Thumb Code     0  startup_stm32f405xx.o(.text)
    EXTI9_5_IRQHandler                       0x080001b7   Thumb Code     0  startup_stm32f405xx.o(.text)
    FLASH_IRQHandler                         0x080001b7   Thumb Code     0  startup_stm32f405xx.o(.text)
    FMC_IRQHandler                           0x080001b7   Thumb Code     0  startup_stm32f405xx.o(.text)
    FPU_IRQHandler                           0x080001b7   Thumb Code     0  startup_stm32f405xx.o(.text)
    HASH_RNG_IRQHandler                      0x080001b7   Thumb Code     0  startup_stm32f405xx.o(.text)
    I2C1_ER_IRQHandler                       0x080001b7   Thumb Code     0  startup_stm32f405xx.o(.text)
    I2C1_EV_IRQHandler                       0x080001b7   Thumb Code     0  startup_stm32f405xx.o(.text)
    I2C2_ER_IRQHandler                       0x080001b7   Thumb Code     0  startup_stm32f405xx.o(.text)
    I2C2_EV_IRQHandler                       0x080001b7   Thumb Code     0  startup_stm32f405xx.o(.text)
    I2C3_ER_IRQHandler                       0x080001b7   Thumb Code     0  startup_stm32f405xx.o(.text)
    I2C3_EV_IRQHandler                       0x080001b7   Thumb Code     0  startup_stm32f405xx.o(.text)
    OTG_FS_IRQHandler                        0x080001b7   Thumb Code     0  startup_stm32f405xx.o(.text)
    OTG_FS_WKUP_IRQHandler                   0x080001b7   Thumb Code     0  startup_stm32f405xx.o(.text)
    OTG_HS_EP1_IN_IRQHandler                 0x080001b7   Thumb Code     0  startup_stm32f405xx.o(.text)
    OTG_HS_EP1_OUT_IRQHandler                0x080001b7   Thumb Code     0  startup_stm32f405xx.o(.text)
    OTG_HS_IRQHandler                        0x080001b7   Thumb Code     0  startup_stm32f405xx.o(.text)
    OTG_HS_WKUP_IRQHandler                   0x080001b7   Thumb Code     0  startup_stm32f405xx.o(.text)
    PVD_IRQHandler                           0x080001b7   Thumb Code     0  startup_stm32f405xx.o(.text)
    RCC_IRQHandler                           0x080001b7   Thumb Code     0  startup_stm32f405xx.o(.text)
    RTC_Alarm_IRQHandler                     0x080001b7   Thumb Code     0  startup_stm32f405xx.o(.text)
    RTC_WKUP_IRQHandler                      0x080001b7   Thumb Code     0  startup_stm32f405xx.o(.text)
    SDIO_IRQHandler                          0x080001b7   Thumb Code     0  startup_stm32f405xx.o(.text)
    SPI1_IRQHandler                          0x080001b7   Thumb Code     0  startup_stm32f405xx.o(.text)
    SPI2_IRQHandler                          0x080001b7   Thumb Code     0  startup_stm32f405xx.o(.text)
    SPI3_IRQHandler                          0x080001b7   Thumb Code     0  startup_stm32f405xx.o(.text)
    TAMP_STAMP_IRQHandler                    0x080001b7   Thumb Code     0  startup_stm32f405xx.o(.text)
    TIM1_BRK_TIM9_IRQHandler                 0x080001b7   Thumb Code     0  startup_stm32f405xx.o(.text)
    TIM1_CC_IRQHandler                       0x080001b7   Thumb Code     0  startup_stm32f405xx.o(.text)
    TIM1_TRG_COM_TIM11_IRQHandler            0x080001b7   Thumb Code     0  startup_stm32f405xx.o(.text)
    TIM1_UP_TIM10_IRQHandler                 0x080001b7   Thumb Code     0  startup_stm32f405xx.o(.text)
    TIM2_IRQHandler                          0x080001b7   Thumb Code     0  startup_stm32f405xx.o(.text)
    TIM3_IRQHandler                          0x080001b7   Thumb Code     0  startup_stm32f405xx.o(.text)
    TIM4_IRQHandler                          0x080001b7   Thumb Code     0  startup_stm32f405xx.o(.text)
    TIM5_IRQHandler                          0x080001b7   Thumb Code     0  startup_stm32f405xx.o(.text)
    TIM6_DAC_IRQHandler                      0x080001b7   Thumb Code     0  startup_stm32f405xx.o(.text)
    TIM7_IRQHandler                          0x080001b7   Thumb Code     0  startup_stm32f405xx.o(.text)
    TIM8_BRK_TIM12_IRQHandler                0x080001b7   Thumb Code     0  startup_stm32f405xx.o(.text)
    TIM8_CC_IRQHandler                       0x080001b7   Thumb Code     0  startup_stm32f405xx.o(.text)
    TIM8_TRG_COM_TIM14_IRQHandler            0x080001b7   Thumb Code     0  startup_stm32f405xx.o(.text)
    TIM8_UP_TIM13_IRQHandler                 0x080001b7   Thumb Code     0  startup_stm32f405xx.o(.text)
    UART4_IRQHandler                         0x080001b7   Thumb Code     0  startup_stm32f405xx.o(.text)
    UART5_IRQHandler                         0x080001b7   Thumb Code     0  startup_stm32f405xx.o(.text)
    USART1_IRQHandler                        0x080001b7   Thumb Code     0  startup_stm32f405xx.o(.text)
    USART2_IRQHandler                        0x080001b7   Thumb Code     0  startup_stm32f405xx.o(.text)
    USART3_IRQHandler                        0x080001b7   Thumb Code     0  startup_stm32f405xx.o(.text)
    USART6_IRQHandler                        0x080001b7   Thumb Code     0  startup_stm32f405xx.o(.text)
    WWDG_IRQHandler                          0x080001b7   Thumb Code     0  startup_stm32f405xx.o(.text)
    __aeabi_uldivmod                         0x080001c1   Thumb Code    98  uldiv.o(.text)
    __aeabi_memcpy                           0x08000223   Thumb Code    36  memcpya.o(.text)
    __aeabi_memcpy4                          0x08000223   Thumb Code     0  memcpya.o(.text)
    __aeabi_memcpy8                          0x08000223   Thumb Code     0  memcpya.o(.text)
    __aeabi_memset                           0x08000247   Thumb Code    14  memseta.o(.text)
    __aeabi_memset4                          0x08000247   Thumb Code     0  memseta.o(.text)
    __aeabi_memset8                          0x08000247   Thumb Code     0  memseta.o(.text)
    __aeabi_memclr                           0x08000255   Thumb Code     4  memseta.o(.text)
    __aeabi_memclr4                          0x08000255   Thumb Code     0  memseta.o(.text)
    __aeabi_memclr8                          0x08000255   Thumb Code     0  memseta.o(.text)
    _memset$wrapper                          0x08000259   Thumb Code    18  memseta.o(.text)
    strlen                                   0x0800026b   Thumb Code    14  strlen.o(.text)
    __aeabi_llsl                             0x08000279   Thumb Code    30  llshl.o(.text)
    _ll_shift_l                              0x08000279   Thumb Code     0  llshl.o(.text)
    __aeabi_llsr                             0x08000297   Thumb Code    32  llushr.o(.text)
    _ll_ushift_r                             0x08000297   Thumb Code     0  llushr.o(.text)
    __scatterload                            0x080002b9   Thumb Code    28  init.o(.text)
    __scatterload_rt2                        0x080002b9   Thumb Code     0  init.o(.text)
    BSP_SD_GetCardInfo                       0x080002dd   Thumb Code     8  bsp_driver_sd.o(i.BSP_SD_GetCardInfo)
    BSP_SD_GetCardState                      0x080002e9   Thumb Code    20  bsp_driver_sd.o(i.BSP_SD_GetCardState)
    BSP_SD_Init                              0x08000301   Thumb Code    42  bsp_driver_sd.o(i.BSP_SD_Init)
    BSP_SD_IsDetected                        0x08000331   Thumb Code    14  bsp_driver_sd.o(i.BSP_SD_IsDetected)
    BSP_SD_ReadBlocks                        0x08000341   Thumb Code    26  bsp_driver_sd.o(i.BSP_SD_ReadBlocks)
    BSP_SD_WriteBlocks                       0x08000361   Thumb Code    26  bsp_driver_sd.o(i.BSP_SD_WriteBlocks)
    BusFault_Handler                         0x08000381   Thumb Code     2  stm32f4xx_it.o(i.BusFault_Handler)
    DAC_DMAConvCpltCh2                       0x08000393   Thumb Code    16  stm32f4xx_hal_dac_ex.o(i.DAC_DMAConvCpltCh2)
    DAC_DMAErrorCh2                          0x080003bb   Thumb Code    24  stm32f4xx_hal_dac_ex.o(i.DAC_DMAErrorCh2)
    DAC_DMAHalfConvCpltCh2                   0x080003dd   Thumb Code    10  stm32f4xx_hal_dac_ex.o(i.DAC_DMAHalfConvCpltCh2)
    DMA1_Stream5_IRQHandler                  0x080003e9   Thumb Code     6  stm32f4xx_it.o(i.DMA1_Stream5_IRQHandler)
    DMA2_Stream0_IRQHandler                  0x080003f5   Thumb Code     6  stm32f4xx_it.o(i.DMA2_Stream0_IRQHandler)
    DMA2_Stream3_IRQHandler                  0x08000401   Thumb Code     6  stm32f4xx_it.o(i.DMA2_Stream3_IRQHandler)
    DMA2_Stream5_IRQHandler                  0x0800040d   Thumb Code     6  stm32f4xx_it.o(i.DMA2_Stream5_IRQHandler)
    DMA2_Stream6_IRQHandler                  0x08000419   Thumb Code     6  stm32f4xx_it.o(i.DMA2_Stream6_IRQHandler)
    DebugMon_Handler                         0x080004c9   Thumb Code     2  stm32f4xx_it.o(i.DebugMon_Handler)
    Error_Handler                            0x080004cb   Thumb Code     2  main.o(i.Error_Handler)
    FATFS_LinkDriver                         0x080004cd   Thumb Code     6  ff_gen_drv.o(i.FATFS_LinkDriver)
    FATFS_LinkDriverEx                       0x080004d5   Thumb Code    58  ff_gen_drv.o(i.FATFS_LinkDriverEx)
    HAL_DACEx_ConvCpltCallbackCh2            0x08000515   Thumb Code     2  stm32f4xx_hal_dac_ex.o(i.HAL_DACEx_ConvCpltCallbackCh2)
    HAL_DACEx_ConvHalfCpltCallbackCh2        0x08000517   Thumb Code     2  stm32f4xx_hal_dac_ex.o(i.HAL_DACEx_ConvHalfCpltCallbackCh2)
    HAL_DACEx_ErrorCallbackCh2               0x08000519   Thumb Code     2  stm32f4xx_hal_dac_ex.o(i.HAL_DACEx_ErrorCallbackCh2)
    HAL_DAC_ConfigChannel                    0x0800051b   Thumb Code    66  stm32f4xx_hal_dac.o(i.HAL_DAC_ConfigChannel)
    HAL_DAC_ConvCpltCallbackCh1              0x0800055d   Thumb Code     8  main.o(i.HAL_DAC_ConvCpltCallbackCh1)
    HAL_DAC_ConvHalfCpltCallbackCh1          0x08000569   Thumb Code     8  main.o(i.HAL_DAC_ConvHalfCpltCallbackCh1)
    HAL_DAC_ErrorCallbackCh1                 0x08000575   Thumb Code     2  stm32f4xx_hal_dac.o(i.HAL_DAC_ErrorCallbackCh1)
    HAL_DAC_Init                             0x08000577   Thumb Code    40  stm32f4xx_hal_dac.o(i.HAL_DAC_Init)
    HAL_DAC_MspInit                          0x080005a1   Thumb Code   138  stm32f4xx_hal_msp.o(i.HAL_DAC_MspInit)
    HAL_DAC_Start                            0x08000641   Thumb Code   108  stm32f4xx_hal_dac.o(i.HAL_DAC_Start)
    HAL_DAC_Start_DMA                        0x080006ad   Thumb Code   230  stm32f4xx_hal_dac.o(i.HAL_DAC_Start_DMA)
    HAL_DMA_IRQHandler                       0x080007ad   Thumb Code   412  stm32f4xx_hal_dma.o(i.HAL_DMA_IRQHandler)
    HAL_DMA_Init                             0x0800094d   Thumb Code   206  stm32f4xx_hal_dma.o(i.HAL_DMA_Init)
    HAL_DMA_Start_IT                         0x08000a21   Thumb Code   110  stm32f4xx_hal_dma.o(i.HAL_DMA_Start_IT)
    HAL_Delay                                0x08000a91   Thumb Code    32  stm32f4xx_hal.o(i.HAL_Delay)
    HAL_GPIO_Init                            0x08000ab5   Thumb Code   394  stm32f4xx_hal_gpio.o(i.HAL_GPIO_Init)
    HAL_GPIO_ReadPin                         0x08000c6d   Thumb Code    10  stm32f4xx_hal_gpio.o(i.HAL_GPIO_ReadPin)
    HAL_GPIO_TogglePin                       0x08000c77   Thumb Code    14  stm32f4xx_hal_gpio.o(i.HAL_GPIO_TogglePin)
    HAL_GPIO_WritePin                        0x08000c85   Thumb Code    10  stm32f4xx_hal_gpio.o(i.HAL_GPIO_WritePin)
    HAL_GetTick                              0x08000c91   Thumb Code     6  stm32f4xx_hal.o(i.HAL_GetTick)
    HAL_IncTick                              0x08000c9d   Thumb Code    12  stm32f4xx_hal.o(i.HAL_IncTick)
    HAL_Init                                 0x08000cad   Thumb Code    48  stm32f4xx_hal.o(i.HAL_Init)
    HAL_InitTick                             0x08000ce1   Thumb Code    54  stm32f4xx_hal.o(i.HAL_InitTick)
    HAL_MspInit                              0x08000d21   Thumb Code    42  stm32f4xx_hal_msp.o(i.HAL_MspInit)
    HAL_NVIC_EnableIRQ                       0x08000d51   Thumb Code    26  stm32f4xx_hal_cortex.o(i.HAL_NVIC_EnableIRQ)
    HAL_NVIC_SetPriority                     0x08000d6d   Thumb Code    60  stm32f4xx_hal_cortex.o(i.HAL_NVIC_SetPriority)
    HAL_NVIC_SetPriorityGrouping             0x08000dad   Thumb Code    26  stm32f4xx_hal_cortex.o(i.HAL_NVIC_SetPriorityGrouping)
    HAL_RCC_ClockConfig                      0x08000dd1   Thumb Code   288  stm32f4xx_hal_rcc.o(i.HAL_RCC_ClockConfig)
    HAL_RCC_GetSysClockFreq                  0x08000f05   Thumb Code    88  stm32f4xx_hal_rcc.o(i.HAL_RCC_GetSysClockFreq)
    HAL_RCC_OscConfig                        0x08000f65   Thumb Code   840  stm32f4xx_hal_rcc.o(i.HAL_RCC_OscConfig)
    HAL_SD_ConfigWideBusOperation            0x080012c1   Thumb Code   238  stm32f4xx_hal_sd.o(i.HAL_SD_ConfigWideBusOperation)
    HAL_SD_GetCardCSD                        0x080013b5   Thumb Code   402  stm32f4xx_hal_sd.o(i.HAL_SD_GetCardCSD)
    HAL_SD_GetCardInfo                       0x0800154d   Thumb Code    36  stm32f4xx_hal_sd.o(i.HAL_SD_GetCardInfo)
    HAL_SD_GetCardState                      0x08001571   Thumb Code    44  stm32f4xx_hal_sd.o(i.HAL_SD_GetCardState)
    HAL_SD_Init                              0x0800159d   Thumb Code    54  stm32f4xx_hal_sd.o(i.HAL_SD_Init)
    HAL_SD_InitCard                          0x080015d5   Thumb Code    78  stm32f4xx_hal_sd.o(i.HAL_SD_InitCard)
    HAL_SD_MspInit                           0x08001629   Thumb Code   278  stm32f4xx_hal_msp.o(i.HAL_SD_MspInit)
    HAL_SD_ReadBlocks                        0x0800175d   Thumb Code   500  stm32f4xx_hal_sd.o(i.HAL_SD_ReadBlocks)
    HAL_SD_WriteBlocks                       0x08001955   Thumb Code   454  stm32f4xx_hal_sd.o(i.HAL_SD_WriteBlocks)
    HAL_SPI_ErrorCallback                    0x08001b21   Thumb Code     2  stm32f4xx_hal_spi.o(i.HAL_SPI_ErrorCallback)
    HAL_SPI_GetState                         0x08001b23   Thumb Code     6  stm32f4xx_hal_spi.o(i.HAL_SPI_GetState)
    HAL_SPI_Init                             0x08001b29   Thumb Code   128  stm32f4xx_hal_spi.o(i.HAL_SPI_Init)
    HAL_SPI_MspInit                          0x08001ba9   Thumb Code   188  stm32f4xx_hal_msp.o(i.HAL_SPI_MspInit)
    HAL_SPI_Transmit                         0x08001c7d   Thumb Code   348  stm32f4xx_hal_spi.o(i.HAL_SPI_Transmit)
    HAL_SPI_Transmit_DMA                     0x08001dd9   Thumb Code   192  stm32f4xx_hal_spi.o(i.HAL_SPI_Transmit_DMA)
    HAL_SPI_TxCpltCallback                   0x08001ea5   Thumb Code     2  stm32f4xx_hal_spi.o(i.HAL_SPI_TxCpltCallback)
    HAL_SPI_TxHalfCpltCallback               0x08001ea7   Thumb Code     2  stm32f4xx_hal_spi.o(i.HAL_SPI_TxHalfCpltCallback)
    HAL_SYSTICK_Config                       0x08001ea9   Thumb Code    40  stm32f4xx_hal_cortex.o(i.HAL_SYSTICK_Config)
    HAL_TIMEx_MasterConfigSynchronization    0x08001ed1   Thumb Code   116  stm32f4xx_hal_tim_ex.o(i.HAL_TIMEx_MasterConfigSynchronization)
    HAL_TIM_Base_Init                        0x08001f61   Thumb Code    54  stm32f4xx_hal_tim.o(i.HAL_TIM_Base_Init)
    HAL_TIM_Base_MspInit                     0x08001f99   Thumb Code    30  stm32f4xx_hal_msp.o(i.HAL_TIM_Base_MspInit)
    HAL_TIM_Base_Start                       0x08001fc1   Thumb Code    36  stm32f4xx_hal_tim.o(i.HAL_TIM_Base_Start)
    HardFault_Handler                        0x08001fe5   Thumb Code     2  stm32f4xx_it.o(i.HardFault_Handler)
    MX_FATFS_Init                            0x08002065   Thumb Code    18  fatfs.o(i.MX_FATFS_Init)
    MemManage_Handler                        0x0800218d   Thumb Code     2  stm32f4xx_it.o(i.MemManage_Handler)
    NMI_Handler                              0x0800218f   Thumb Code     2  stm32f4xx_it.o(i.NMI_Handler)
    PendSV_Handler                           0x08002191   Thumb Code     2  stm32f4xx_it.o(i.PendSV_Handler)
    ReadMemory_pAPU                          0x080021e1   Thumb Code   134  nes_channels.o(i.ReadMemory_pAPU)
    SDIO_ConfigData                          0x08002281   Thumb Code    36  stm32f4xx_ll_sdmmc.o(i.SDIO_ConfigData)
    SDIO_GetPowerState                       0x080022a5   Thumb Code     8  stm32f4xx_ll_sdmmc.o(i.SDIO_GetPowerState)
    SDIO_GetResponse                         0x080022ad   Thumb Code     6  stm32f4xx_ll_sdmmc.o(i.SDIO_GetResponse)
    SDIO_Init                                0x080022b3   Thumb Code    36  stm32f4xx_ll_sdmmc.o(i.SDIO_Init)
    SDIO_PowerState_ON                       0x080022d7   Thumb Code    16  stm32f4xx_ll_sdmmc.o(i.SDIO_PowerState_ON)
    SDIO_ReadFIFO                            0x080022e7   Thumb Code     6  stm32f4xx_ll_sdmmc.o(i.SDIO_ReadFIFO)
    SDIO_SendCommand                         0x080022ed   Thumb Code    32  stm32f4xx_ll_sdmmc.o(i.SDIO_SendCommand)
    SDIO_WriteFIFO                           0x0800230d   Thumb Code    10  stm32f4xx_ll_sdmmc.o(i.SDIO_WriteFIFO)
    SDMMC_CmdAppCommand                      0x08002317   Thumb Code    50  stm32f4xx_ll_sdmmc.o(i.SDMMC_CmdAppCommand)
    SDMMC_CmdAppOperCommand                  0x08002349   Thumb Code    48  stm32f4xx_ll_sdmmc.o(i.SDMMC_CmdAppOperCommand)
    SDMMC_CmdBlockLength                     0x0800237d   Thumb Code    50  stm32f4xx_ll_sdmmc.o(i.SDMMC_CmdBlockLength)
    SDMMC_CmdBusWidth                        0x080023af   Thumb Code    50  stm32f4xx_ll_sdmmc.o(i.SDMMC_CmdBusWidth)
    SDMMC_CmdGoIdleState                     0x080023e1   Thumb Code    74  stm32f4xx_ll_sdmmc.o(i.SDMMC_CmdGoIdleState)
    SDMMC_CmdOperCond                        0x08002431   Thumb Code   112  stm32f4xx_ll_sdmmc.o(i.SDMMC_CmdOperCond)
    SDMMC_CmdReadMultiBlock                  0x080024a5   Thumb Code    50  stm32f4xx_ll_sdmmc.o(i.SDMMC_CmdReadMultiBlock)
    SDMMC_CmdReadSingleBlock                 0x080024d7   Thumb Code    50  stm32f4xx_ll_sdmmc.o(i.SDMMC_CmdReadSingleBlock)
    SDMMC_CmdSelDesel                        0x08002509   Thumb Code    50  stm32f4xx_ll_sdmmc.o(i.SDMMC_CmdSelDesel)
    SDMMC_CmdSendCID                         0x0800253b   Thumb Code    44  stm32f4xx_ll_sdmmc.o(i.SDMMC_CmdSendCID)
    SDMMC_CmdSendCSD                         0x08002567   Thumb Code    44  stm32f4xx_ll_sdmmc.o(i.SDMMC_CmdSendCSD)
    SDMMC_CmdSendSCR                         0x08002593   Thumb Code    48  stm32f4xx_ll_sdmmc.o(i.SDMMC_CmdSendSCR)
    SDMMC_CmdSendStatus                      0x080025c3   Thumb Code    50  stm32f4xx_ll_sdmmc.o(i.SDMMC_CmdSendStatus)
    SDMMC_CmdSetRelAdd                       0x080025f5   Thumb Code    48  stm32f4xx_ll_sdmmc.o(i.SDMMC_CmdSetRelAdd)
    SDMMC_CmdStopTransfer                    0x08002625   Thumb Code    46  stm32f4xx_ll_sdmmc.o(i.SDMMC_CmdStopTransfer)
    SDMMC_CmdWriteMultiBlock                 0x08002659   Thumb Code    50  stm32f4xx_ll_sdmmc.o(i.SDMMC_CmdWriteMultiBlock)
    SDMMC_CmdWriteSingleBlock                0x0800268b   Thumb Code    50  stm32f4xx_ll_sdmmc.o(i.SDMMC_CmdWriteSingleBlock)
    SD_initialize                            0x08002b91   Thumb Code    28  sd_diskio.o(i.SD_initialize)
    SD_ioctl                                 0x08002bb1   Thumb Code    76  sd_diskio.o(i.SD_ioctl)
    SD_read                                  0x08002c01   Thumb Code    38  sd_diskio.o(i.SD_read)
    SD_status                                0x08002c27   Thumb Code     4  sd_diskio.o(i.SD_status)
    SD_write                                 0x08002c2d   Thumb Code    38  sd_diskio.o(i.SD_write)
    SVC_Handler                              0x08002dd1   Thumb Code     2  stm32f4xx_it.o(i.SVC_Handler)
    SW5_pressed_callback                     0x08002dd5   Thumb Code    32  main.o(i.SW5_pressed_callback)
    SW6_pressed_callback                     0x08002df9   Thumb Code     2  main.o(i.SW6_pressed_callback)
    SysTick_Handler                          0x08002dfb   Thumb Code     4  stm32f4xx_it.o(i.SysTick_Handler)
    SystemClock_Config                       0x08002e01   Thumb Code   126  main.o(i.SystemClock_Config)
    SystemInit                               0x08002e89   Thumb Code    22  system_stm32f4xx.o(i.SystemInit)
    TIM_Base_SetConfig                       0x08002ea5   Thumb Code   156  stm32f4xx_hal_tim.o(i.TIM_Base_SetConfig)
    UsageFault_Handler                       0x08002f6d   Thumb Code     2  stm32f4xx_it.o(i.UsageFault_Handler)
    WriteMemory_pAPU                         0x08002fa1   Thumb Code   152  nes_channels.o(i.WriteMemory_pAPU)
    __0sprintf$2                             0x08003051   Thumb Code    34  printf2.o(i.__0sprintf$2)
    __1sprintf$2                             0x08003051   Thumb Code     0  printf2.o(i.__0sprintf$2)
    __2sprintf                               0x08003051   Thumb Code     0  printf2.o(i.__0sprintf$2)
    __scatterload_copy                       0x08003099   Thumb Code    14  handlers.o(i.__scatterload_copy)
    __scatterload_null                       0x080030a7   Thumb Code     2  handlers.o(i.__scatterload_null)
    __scatterload_zeroinit                   0x080030a9   Thumb Code    14  handlers.o(i.__scatterload_zeroinit)
    clockFrame                               0x080032ad   Thumb Code    62  nes_channels.o(i.clockFrame)
    clockNoise                               0x08003301   Thumb Code    40  nes_channels.o(i.clockNoise)
    clockPulse                               0x08003331   Thumb Code    40  nes_channels.o(i.clockPulse)
    clockTriangle                            0x08003361   Thumb Code    74  nes_channels.o(i.clockTriangle)
    disk_initialize                          0x0800381d   Thumb Code    36  diskio.o(i.disk_initialize)
    disk_ioctl                               0x08003845   Thumb Code    24  diskio.o(i.disk_ioctl)
    disk_read                                0x08003861   Thumb Code    24  diskio.o(i.disk_read)
    disk_status                              0x0800387d   Thumb Code    18  diskio.o(i.disk_status)
    disk_write                               0x08003895   Thumb Code    24  diskio.o(i.disk_write)
    f_close                                  0x080068a9   Thumb Code    40  ff.o(i.f_close)
    f_closedir                               0x080068d1   Thumb Code    34  ff.o(i.f_closedir)
    f_mount                                  0x080068f5   Thumb Code    84  ff.o(i.f_mount)
    f_open                                   0x0800694d   Thumb Code   534  ff.o(i.f_open)
    f_opendir                                0x08006b69   Thumb Code   130  ff.o(i.f_opendir)
    f_read                                   0x08006beb   Thumb Code   374  ff.o(i.f_read)
    f_readdir                                0x08006d61   Thumb Code    64  ff.o(i.f_readdir)
    f_sync                                   0x08006da1   Thumb Code   142  ff.o(i.f_sync)
    free                                     0x08007135   Thumb Code    76  malloc.o(i.free)
    get_fattime                              0x0800726d   Thumb Code     4  fatfs.o(i.get_fattime)
    initButtons                              0x08007391   Thumb Code    14  button.o(i.initButtons)
    initInstruction                          0x080073ad   Thumb Code    58  main.o(i.initInstruction)
    initRAM                                  0x080073ed   Thumb Code   176  main.o(i.initRAM)
    initSong                                 0x080074e1   Thumb Code   176  main.o(i.initSong)
    initTriangleLookup                       0x08007599   Thumb Code    32  nes_channels.o(i.initTriangleLookup)
    load_NSF_data                            0x08007605   Thumb Code    30  main.o(i.load_NSF_data)
    main                                     0x08007629   Thumb Code  1124  main.o(i.main)
    malloc                                   0x08007a8d   Thumb Code    92  malloc.o(i.malloc)
    mixAudio                                 0x08007b1d   Thumb Code   196  main.o(i.mixAudio)
    readNoise                                0x08007f59   Thumb Code   138  nes_channels.o(i.readNoise)
    readPulse                                0x08007fe5   Thumb Code    98  nes_channels.o(i.readPulse)
    readTriangle                             0x0800804d   Thumb Code    94  nes_channels.o(i.readTriangle)
    scan_files                               0x08008125   Thumb Code   124  main.o(i.scan_files)
    tft_force_clear                          0x08008431   Thumb Code    52  lcd.o(i.tft_force_clear)
    tft_init                                 0x08008469   Thumb Code   234  lcd.o(i.tft_init)
    tft_print_image                          0x08008565   Thumb Code    36  lcd.o(i.tft_print_image)
    tft_print_image2                         0x08008589   Thumb Code    66  lcd.o(i.tft_print_image2)
    tft_print_rectangle                      0x080085d1   Thumb Code   250  lcd.o(i.tft_print_rectangle)
    tft_printc                               0x080086d9   Thumb Code   246  lcd.o(i.tft_printc)
    tft_prints                               0x080087d5   Thumb Code    50  lcd.o(i.tft_prints)
    tft_update                               0x08008829   Thumb Code   384  lcd.o(i.tft_update)
    updateButton                             0x080089b5   Thumb Code    64  button.o(i.updateButton)
    updateButtons                            0x080089f5   Thumb Code    52  button.o(i.updateButtons)
    updateNoise                              0x08008a2d   Thumb Code    54  nes_channels.o(i.updateNoise)
    updatePulse                              0x08008a69   Thumb Code    68  nes_channels.o(i.updatePulse)
    updateTriangle                           0x08008ab1   Thumb Code    56  nes_channels.o(i.updateTriangle)
    update_DAC_BUFFER                        0x08008aed   Thumb Code    82  main.o(i.update_DAC_BUFFER)
    LENGTH_COUNTER_LOOKUP                    0x08008c20   Data          32  nes_channels.o(.constdata)
    CLOCK_LOOKUP                             0x08008c40   Data          20  nes_channels.o(.constdata)
    NTSC_NOISE_PERIOD                        0x08008c54   Data          32  nes_channels.o(.constdata)
    tft_orientation_init_code                0x08008e74   Data           4  lcd.o(.constdata)
    tft_init_code                            0x08009c78   Data          90  lcd.o(.constdata)
    AHBPrescTable                            0x08009cda   Data          16  system_stm32f4xx.o(.constdata)
    SD_Driver                                0x08009cec   Data          20  sd_diskio.o(.constdata)
    Region$$Table$$Base                      0x08009d9c   Number         0  anon$$obj.o(Region$$Table)
    Region$$Table$$Limit                     0x08009ddc   Number         0  anon$$obj.o(Region$$Table)
    song_loaded                              0x10000000   Data           1  main.o(.data)
    song_select                              0x10000001   Data           1  main.o(.data)
    num_songs                                0x10000002   Data           1  main.o(.data)
    led_bug                                  0x10000003   Data           1  main.o(.data)
    res                                      0x10000010   Data           1  main.o(.data)
    bytesread                                0x10000034   Data           4  main.o(.data)
    noise                                    0x10000038   Data          16  main.o(.data)
    tft_orientation                          0x10000048   Data           1  lcd.o(.data)
    buf_ptr                                  0x10000049   Data           1  lcd.o(.data)
    char_max_x                               0x1000004e   Data           1  lcd.o(.data)
    char_max_y                               0x1000004f   Data           1  lcd.o(.data)
    curr_bg_color                            0x10000050   Data           2  lcd.o(.data)
    curr_highlight_color                     0x10000052   Data           2  lcd.o(.data)
    curr_text_color                          0x10000054   Data           2  lcd.o(.data)
    curr_text_color_sp                       0x10000056   Data           2  lcd.o(.data)
    tft_screens                              0x10000058   Data           4  lcd.o(.data)
    retSD                                    0x10000064   Data           1  fatfs.o(.data)
    SDPath                                   0x10000065   Data           4  fatfs.o(.data)
    __microlib_freelist_initialised          0x10000074   Data           4  mvars.o(.data)
    pAPU_unused                              0x10000078   Data          32  nes_channels.o(.bss)
    TRIANGLE_LOOKUP                          0x10000098   Data          32  nes_channels.o(.bss)
    SDFatFS                                  0x100000b8   Data        4148  fatfs.o(.bss)
    __heap_base                              0x100010f0   Data           0  startup_stm32f405xx.o(HEAP)
    __heap_limit                             0x100012f0   Data           0  startup_stm32f405xx.o(HEAP)
    __initial_sp                             0x100016f0   Data           0  startup_stm32f405xx.o(STACK)
    frameCounter                             0x20000000   Data           3  nes_channels.o(.data)
    PULSE_LOOKUP                             0x20000003   Data          32  nes_channels.o(.data)
    SW2                                      0x20000024   Data          16  button.o(.data)
    SW3                                      0x20000034   Data          16  button.o(.data)
    SW4                                      0x20000044   Data          16  button.o(.data)
    SW5                                      0x20000054   Data          16  button.o(.data)
    SW6                                      0x20000064   Data          16  button.o(.data)
    SW7                                      0x20000074   Data          16  button.o(.data)
    uwTickFreq                               0x20000084   Data           1  stm32f4xx_hal.o(.data)
    uwTickPrio                               0x20000088   Data           4  stm32f4xx_hal.o(.data)
    uwTick                                   0x2000008c   Data           4  stm32f4xx_hal.o(.data)
    SystemCoreClock                          0x20000090   Data           4  system_stm32f4xx.o(.data)
    __microlib_freelist                      0x20000098   Data           4  mvars.o(.data)
    DAC_BUFFER                               0x2000009c   Data         512  main.o(.bss)
    pulse1                                   0x2000029c   Data          16  main.o(.bss)
    pulse2                                   0x200002ac   Data          16  main.o(.bss)
    triangle                                 0x200002bc   Data          18  main.o(.bss)
    mix_buffer                               0x200002ce   Data         512  main.o(.bss)
    hdac                                     0x2000bd90   Data          20  main.o(.bss)
    hsd                                      0x2000bda4   Data         132  main.o(.bss)
    hspi1                                    0x2000be28   Data          88  main.o(.bss)
    htim6                                    0x2000be80   Data          64  main.o(.bss)
    file                                     0x2000bec0   Data         128  main.o(.bss)
    file_name_list                           0x2000bf40   Data         400  main.o(.bss)
    hdma_dac1                                0x2000c0d0   Data          96  main.o(.bss)
    hdma_sdio_rx                             0x2000c130   Data          96  main.o(.bss)
    hdma_sdio_tx                             0x2000c190   Data          96  main.o(.bss)
    hdma_spi1_rx                             0x2000c1f0   Data          96  main.o(.bss)
    hdma_spi1_tx                             0x2000c250   Data          96  main.o(.bss)
    default_tft_screens                      0x2000c2b0   Data       12002  lcd.o(.bss)
    SDFile                                   0x20010694   Data        4144  fatfs.o(.bss)
    disk                                     0x200116e4   Data          12  ff_gen_drv.o(.bss)



==============================================================================

Memory Map of the image

  Image Entry point : 0x08000189

  Load Region LR_IROM1 (Base: 0x08000000, Size: 0x00009ef0, Max: 0x00100000, ABSOLUTE)

    Execution Region ER_IROM1 (Exec base: 0x08000000, Load base: 0x08000000, Size: 0x00009ddc, Max: 0x00100000, ABSOLUTE)

    Exec Addr    Load Addr    Size         Type   Attr      Idx    E Section Name        Object

    0x08000000   0x08000000   0x00000188   Data   RO            3    RESET               startup_stm32f405xx.o
    0x08000188   0x08000188   0x00000000   Code   RO         4740  * .ARM.Collect$$$$00000000  mc_w.l(entry.o)
    0x08000188   0x08000188   0x00000004   Code   RO         5044    .ARM.Collect$$$$00000001  mc_w.l(entry2.o)
    0x0800018c   0x0800018c   0x00000004   Code   RO         5047    .ARM.Collect$$$$00000004  mc_w.l(entry5.o)
    0x08000190   0x08000190   0x00000000   Code   RO         5049    .ARM.Collect$$$$00000008  mc_w.l(entry7b.o)
    0x08000190   0x08000190   0x00000000   Code   RO         5051    .ARM.Collect$$$$0000000A  mc_w.l(entry8b.o)
    0x08000190   0x08000190   0x00000008   Code   RO         5052    .ARM.Collect$$$$0000000B  mc_w.l(entry9a.o)
    0x08000198   0x08000198   0x00000000   Code   RO         5054    .ARM.Collect$$$$0000000D  mc_w.l(entry10a.o)
    0x08000198   0x08000198   0x00000000   Code   RO         5056    .ARM.Collect$$$$0000000F  mc_w.l(entry11a.o)
    0x08000198   0x08000198   0x00000004   Code   RO         5045    .ARM.Collect$$$$00002712  mc_w.l(entry2.o)
    0x0800019c   0x0800019c   0x00000024   Code   RO            4    .text               startup_stm32f405xx.o
    0x080001c0   0x080001c0   0x00000062   Code   RO         4743    .text               mc_w.l(uldiv.o)
    0x08000222   0x08000222   0x00000024   Code   RO         4747    .text               mc_w.l(memcpya.o)
    0x08000246   0x08000246   0x00000024   Code   RO         4749    .text               mc_w.l(memseta.o)
    0x0800026a   0x0800026a   0x0000000e   Code   RO         4751    .text               mc_w.l(strlen.o)
    0x08000278   0x08000278   0x0000001e   Code   RO         5063    .text               mc_w.l(llshl.o)
    0x08000296   0x08000296   0x00000020   Code   RO         5065    .text               mc_w.l(llushr.o)
    0x080002b6   0x080002b6   0x00000002   PAD
    0x080002b8   0x080002b8   0x00000024   Code   RO         5080    .text               mc_w.l(init.o)
    0x080002dc   0x080002dc   0x0000000c   Code   RO         4069    i.BSP_SD_GetCardInfo  bsp_driver_sd.o
    0x080002e8   0x080002e8   0x00000018   Code   RO         4070    i.BSP_SD_GetCardState  bsp_driver_sd.o
    0x08000300   0x08000300   0x00000030   Code   RO         4072    i.BSP_SD_Init       bsp_driver_sd.o
    0x08000330   0x08000330   0x0000000e   Code   RO         4073    i.BSP_SD_IsDetected  bsp_driver_sd.o
    0x0800033e   0x0800033e   0x00000002   PAD
    0x08000340   0x08000340   0x00000020   Code   RO         4074    i.BSP_SD_ReadBlocks  bsp_driver_sd.o
    0x08000360   0x08000360   0x00000020   Code   RO         4077    i.BSP_SD_WriteBlocks  bsp_driver_sd.o
    0x08000380   0x08000380   0x00000002   Code   RO          518    i.BusFault_Handler  stm32f4xx_it.o
    0x08000382   0x08000382   0x00000010   Code   RO          932    i.DAC_DMAConvCpltCh1  stm32f4xx_hal_dac.o
    0x08000392   0x08000392   0x00000010   Code   RO         1073    i.DAC_DMAConvCpltCh2  stm32f4xx_hal_dac_ex.o
    0x080003a2   0x080003a2   0x00000018   Code   RO          933    i.DAC_DMAErrorCh1   stm32f4xx_hal_dac.o
    0x080003ba   0x080003ba   0x00000018   Code   RO         1074    i.DAC_DMAErrorCh2   stm32f4xx_hal_dac_ex.o
    0x080003d2   0x080003d2   0x0000000a   Code   RO          934    i.DAC_DMAHalfConvCpltCh1  stm32f4xx_hal_dac.o
    0x080003dc   0x080003dc   0x0000000a   Code   RO         1075    i.DAC_DMAHalfConvCpltCh2  stm32f4xx_hal_dac_ex.o
    0x080003e6   0x080003e6   0x00000002   PAD
    0x080003e8   0x080003e8   0x0000000c   Code   RO          519    i.DMA1_Stream5_IRQHandler  stm32f4xx_it.o
    0x080003f4   0x080003f4   0x0000000c   Code   RO          520    i.DMA2_Stream0_IRQHandler  stm32f4xx_it.o
    0x08000400   0x08000400   0x0000000c   Code   RO          521    i.DMA2_Stream3_IRQHandler  stm32f4xx_it.o
    0x0800040c   0x0800040c   0x0000000c   Code   RO          522    i.DMA2_Stream5_IRQHandler  stm32f4xx_it.o
    0x08000418   0x08000418   0x0000000c   Code   RO          523    i.DMA2_Stream6_IRQHandler  stm32f4xx_it.o
    0x08000424   0x08000424   0x00000028   Code   RO         1616    i.DMA_CalcBaseAndBitshift  stm32f4xx_hal_dma.o
    0x0800044c   0x0800044c   0x00000054   Code   RO         1617    i.DMA_CheckFifoParam  stm32f4xx_hal_dma.o
    0x080004a0   0x080004a0   0x00000028   Code   RO         1618    i.DMA_SetConfig     stm32f4xx_hal_dma.o
    0x080004c8   0x080004c8   0x00000002   Code   RO          524    i.DebugMon_Handler  stm32f4xx_it.o
    0x080004ca   0x080004ca   0x00000002   Code   RO          269    i.Error_Handler     main.o
    0x080004cc   0x080004cc   0x00000006   Code   RO         4669    i.FATFS_LinkDriver  ff_gen_drv.o
    0x080004d2   0x080004d2   0x00000002   PAD
    0x080004d4   0x080004d4   0x00000040   Code   RO         4670    i.FATFS_LinkDriverEx  ff_gen_drv.o
    0x08000514   0x08000514   0x00000002   Code   RO         1076    i.HAL_DACEx_ConvCpltCallbackCh2  stm32f4xx_hal_dac_ex.o
    0x08000516   0x08000516   0x00000002   Code   RO         1077    i.HAL_DACEx_ConvHalfCpltCallbackCh2  stm32f4xx_hal_dac_ex.o
    0x08000518   0x08000518   0x00000002   Code   RO         1081    i.HAL_DACEx_ErrorCallbackCh2  stm32f4xx_hal_dac_ex.o
    0x0800051a   0x0800051a   0x00000042   Code   RO          935    i.HAL_DAC_ConfigChannel  stm32f4xx_hal_dac.o
    0x0800055c   0x0800055c   0x0000000c   Code   RO          270    i.HAL_DAC_ConvCpltCallbackCh1  main.o
    0x08000568   0x08000568   0x0000000c   Code   RO          271    i.HAL_DAC_ConvHalfCpltCallbackCh1  main.o
    0x08000574   0x08000574   0x00000002   Code   RO          940    i.HAL_DAC_ErrorCallbackCh1  stm32f4xx_hal_dac.o
    0x08000576   0x08000576   0x00000028   Code   RO          945    i.HAL_DAC_Init      stm32f4xx_hal_dac.o
    0x0800059e   0x0800059e   0x00000002   PAD
    0x080005a0   0x080005a0   0x000000a0   Code   RO          629    i.HAL_DAC_MspInit   stm32f4xx_hal_msp.o
    0x08000640   0x08000640   0x0000006c   Code   RO          949    i.HAL_DAC_Start     stm32f4xx_hal_dac.o
    0x080006ac   0x080006ac   0x00000100   Code   RO          950    i.HAL_DAC_Start_DMA  stm32f4xx_hal_dac.o
    0x080007ac   0x080007ac   0x000001a0   Code   RO         1624    i.HAL_DMA_IRQHandler  stm32f4xx_hal_dma.o
    0x0800094c   0x0800094c   0x000000d4   Code   RO         1625    i.HAL_DMA_Init      stm32f4xx_hal_dma.o
    0x08000a20   0x08000a20   0x0000006e   Code   RO         1629    i.HAL_DMA_Start_IT  stm32f4xx_hal_dma.o
    0x08000a8e   0x08000a8e   0x00000002   PAD
    0x08000a90   0x08000a90   0x00000024   Code   RO         2038    i.HAL_Delay         stm32f4xx_hal.o
    0x08000ab4   0x08000ab4   0x000001b8   Code   RO         1512    i.HAL_GPIO_Init     stm32f4xx_hal_gpio.o
    0x08000c6c   0x08000c6c   0x0000000a   Code   RO         1514    i.HAL_GPIO_ReadPin  stm32f4xx_hal_gpio.o
    0x08000c76   0x08000c76   0x0000000e   Code   RO         1515    i.HAL_GPIO_TogglePin  stm32f4xx_hal_gpio.o
    0x08000c84   0x08000c84   0x0000000a   Code   RO         1516    i.HAL_GPIO_WritePin  stm32f4xx_hal_gpio.o
    0x08000c8e   0x08000c8e   0x00000002   PAD
    0x08000c90   0x08000c90   0x0000000c   Code   RO         2044    i.HAL_GetTick       stm32f4xx_hal.o
    0x08000c9c   0x08000c9c   0x00000010   Code   RO         2050    i.HAL_IncTick       stm32f4xx_hal.o
    0x08000cac   0x08000cac   0x00000034   Code   RO         2051    i.HAL_Init          stm32f4xx_hal.o
    0x08000ce0   0x08000ce0   0x00000040   Code   RO         2052    i.HAL_InitTick      stm32f4xx_hal.o
    0x08000d20   0x08000d20   0x00000030   Code   RO          630    i.HAL_MspInit       stm32f4xx_hal_msp.o
    0x08000d50   0x08000d50   0x0000001a   Code   RO         1901    i.HAL_NVIC_EnableIRQ  stm32f4xx_hal_cortex.o
    0x08000d6a   0x08000d6a   0x00000002   PAD
    0x08000d6c   0x08000d6c   0x00000040   Code   RO         1907    i.HAL_NVIC_SetPriority  stm32f4xx_hal_cortex.o
    0x08000dac   0x08000dac   0x00000024   Code   RO         1908    i.HAL_NVIC_SetPriorityGrouping  stm32f4xx_hal_cortex.o
    0x08000dd0   0x08000dd0   0x00000134   Code   RO         1158    i.HAL_RCC_ClockConfig  stm32f4xx_hal_rcc.o
    0x08000f04   0x08000f04   0x00000060   Code   RO         1167    i.HAL_RCC_GetSysClockFreq  stm32f4xx_hal_rcc.o
    0x08000f64   0x08000f64   0x0000035c   Code   RO         1170    i.HAL_RCC_OscConfig  stm32f4xx_hal_rcc.o
    0x080012c0   0x080012c0   0x000000f4   Code   RO         2556    i.HAL_SD_ConfigWideBusOperation  stm32f4xx_hal_sd.o
    0x080013b4   0x080013b4   0x00000198   Code   RO         2561    i.HAL_SD_GetCardCSD  stm32f4xx_hal_sd.o
    0x0800154c   0x0800154c   0x00000024   Code   RO         2562    i.HAL_SD_GetCardInfo  stm32f4xx_hal_sd.o
    0x08001570   0x08001570   0x0000002c   Code   RO         2563    i.HAL_SD_GetCardState  stm32f4xx_hal_sd.o
    0x0800159c   0x0800159c   0x00000036   Code   RO         2568    i.HAL_SD_Init       stm32f4xx_hal_sd.o
    0x080015d2   0x080015d2   0x00000002   PAD
    0x080015d4   0x080015d4   0x00000054   Code   RO         2569    i.HAL_SD_InitCard   stm32f4xx_hal_sd.o
    0x08001628   0x08001628   0x00000134   Code   RO          632    i.HAL_SD_MspInit    stm32f4xx_hal_msp.o
    0x0800175c   0x0800175c   0x000001f8   Code   RO         2572    i.HAL_SD_ReadBlocks  stm32f4xx_hal_sd.o
    0x08001954   0x08001954   0x000001cc   Code   RO         2577    i.HAL_SD_WriteBlocks  stm32f4xx_hal_sd.o
    0x08001b20   0x08001b20   0x00000002   Code   RO         2785    i.HAL_SPI_ErrorCallback  stm32f4xx_hal_spi.o
    0x08001b22   0x08001b22   0x00000006   Code   RO         2787    i.HAL_SPI_GetState  stm32f4xx_hal_spi.o
    0x08001b28   0x08001b28   0x00000080   Code   RO         2789    i.HAL_SPI_Init      stm32f4xx_hal_spi.o
    0x08001ba8   0x08001ba8   0x000000d4   Code   RO          634    i.HAL_SPI_MspInit   stm32f4xx_hal_msp.o
    0x08001c7c   0x08001c7c   0x0000015c   Code   RO         2797    i.HAL_SPI_Transmit  stm32f4xx_hal_spi.o
    0x08001dd8   0x08001dd8   0x000000cc   Code   RO         2801    i.HAL_SPI_Transmit_DMA  stm32f4xx_hal_spi.o
    0x08001ea4   0x08001ea4   0x00000002   Code   RO         2803    i.HAL_SPI_TxCpltCallback  stm32f4xx_hal_spi.o
    0x08001ea6   0x08001ea6   0x00000002   Code   RO         2804    i.HAL_SPI_TxHalfCpltCallback  stm32f4xx_hal_spi.o
    0x08001ea8   0x08001ea8   0x00000028   Code   RO         1912    i.HAL_SYSTICK_Config  stm32f4xx_hal_cortex.o
    0x08001ed0   0x08001ed0   0x00000090   Code   RO         3795    i.HAL_TIMEx_MasterConfigSynchronization  stm32f4xx_hal_tim_ex.o
    0x08001f60   0x08001f60   0x00000036   Code   RO         3102    i.HAL_TIM_Base_Init  stm32f4xx_hal_tim.o
    0x08001f96   0x08001f96   0x00000002   PAD
    0x08001f98   0x08001f98   0x00000028   Code   RO          636    i.HAL_TIM_Base_MspInit  stm32f4xx_hal_msp.o
    0x08001fc0   0x08001fc0   0x00000024   Code   RO         3105    i.HAL_TIM_Base_Start  stm32f4xx_hal_tim.o
    0x08001fe4   0x08001fe4   0x00000002   Code   RO          525    i.HardFault_Handler  stm32f4xx_it.o
    0x08001fe6   0x08001fe6   0x00000002   PAD
    0x08001fe8   0x08001fe8   0x0000007c   Code   RO          272    i.MX_DMA_Init       main.o
    0x08002064   0x08002064   0x0000001c   Code   RO         4247    i.MX_FATFS_Init     fatfs.o
    0x08002080   0x08002080   0x000000d8   Code   RO          273    i.MX_GPIO_Init      main.o
    0x08002158   0x08002158   0x00000034   Code   RO          274    i.MX_SPI1_Init      main.o
    0x0800218c   0x0800218c   0x00000002   Code   RO          526    i.MemManage_Handler  stm32f4xx_it.o
    0x0800218e   0x0800218e   0x00000002   Code   RO          527    i.NMI_Handler       stm32f4xx_it.o
    0x08002190   0x08002190   0x00000002   Code   RO          528    i.PendSV_Handler    stm32f4xx_it.o
    0x08002192   0x08002192   0x00000004   Code   RO          275    i.ReadMemory_Default  main.o
    0x08002196   0x08002196   0x00000002   PAD
    0x08002198   0x08002198   0x00000010   Code   RO          276    i.ReadMemory_ExRAM  main.o
    0x080021a8   0x080021a8   0x00000010   Code   RO          277    i.ReadMemory_RAM    main.o
    0x080021b8   0x080021b8   0x00000018   Code   RO          278    i.ReadMemory_ROM    main.o
    0x080021d0   0x080021d0   0x00000010   Code   RO          279    i.ReadMemory_SRAM   main.o
    0x080021e0   0x080021e0   0x000000a0   Code   RO           10    i.ReadMemory_pAPU   nes_channels.o
    0x08002280   0x08002280   0x00000024   Code   RO         2289    i.SDIO_ConfigData   stm32f4xx_ll_sdmmc.o
    0x080022a4   0x080022a4   0x00000008   Code   RO         2293    i.SDIO_GetPowerState  stm32f4xx_ll_sdmmc.o
    0x080022ac   0x080022ac   0x00000006   Code   RO         2294    i.SDIO_GetResponse  stm32f4xx_ll_sdmmc.o
    0x080022b2   0x080022b2   0x00000024   Code   RO         2295    i.SDIO_Init         stm32f4xx_ll_sdmmc.o
    0x080022d6   0x080022d6   0x00000010   Code   RO         2297    i.SDIO_PowerState_ON  stm32f4xx_ll_sdmmc.o
    0x080022e6   0x080022e6   0x00000006   Code   RO         2298    i.SDIO_ReadFIFO     stm32f4xx_ll_sdmmc.o
    0x080022ec   0x080022ec   0x00000020   Code   RO         2299    i.SDIO_SendCommand  stm32f4xx_ll_sdmmc.o
    0x0800230c   0x0800230c   0x0000000a   Code   RO         2301    i.SDIO_WriteFIFO    stm32f4xx_ll_sdmmc.o
    0x08002316   0x08002316   0x00000032   Code   RO         2302    i.SDMMC_CmdAppCommand  stm32f4xx_ll_sdmmc.o
    0x08002348   0x08002348   0x00000034   Code   RO         2303    i.SDMMC_CmdAppOperCommand  stm32f4xx_ll_sdmmc.o
    0x0800237c   0x0800237c   0x00000032   Code   RO         2304    i.SDMMC_CmdBlockLength  stm32f4xx_ll_sdmmc.o
    0x080023ae   0x080023ae   0x00000032   Code   RO         2305    i.SDMMC_CmdBusWidth  stm32f4xx_ll_sdmmc.o
    0x080023e0   0x080023e0   0x00000050   Code   RO         2309    i.SDMMC_CmdGoIdleState  stm32f4xx_ll_sdmmc.o
    0x08002430   0x08002430   0x00000074   Code   RO         2311    i.SDMMC_CmdOperCond  stm32f4xx_ll_sdmmc.o
    0x080024a4   0x080024a4   0x00000032   Code   RO         2312    i.SDMMC_CmdReadMultiBlock  stm32f4xx_ll_sdmmc.o
    0x080024d6   0x080024d6   0x00000032   Code   RO         2313    i.SDMMC_CmdReadSingleBlock  stm32f4xx_ll_sdmmc.o
    0x08002508   0x08002508   0x00000032   Code   RO         2316    i.SDMMC_CmdSelDesel  stm32f4xx_ll_sdmmc.o
    0x0800253a   0x0800253a   0x0000002c   Code   RO         2317    i.SDMMC_CmdSendCID  stm32f4xx_ll_sdmmc.o
    0x08002566   0x08002566   0x0000002c   Code   RO         2318    i.SDMMC_CmdSendCSD  stm32f4xx_ll_sdmmc.o
    0x08002592   0x08002592   0x00000030   Code   RO         2319    i.SDMMC_CmdSendSCR  stm32f4xx_ll_sdmmc.o
    0x080025c2   0x080025c2   0x00000032   Code   RO         2320    i.SDMMC_CmdSendStatus  stm32f4xx_ll_sdmmc.o
    0x080025f4   0x080025f4   0x00000030   Code   RO         2321    i.SDMMC_CmdSetRelAdd  stm32f4xx_ll_sdmmc.o
    0x08002624   0x08002624   0x00000034   Code   RO         2323    i.SDMMC_CmdStopTransfer  stm32f4xx_ll_sdmmc.o
    0x08002658   0x08002658   0x00000032   Code   RO         2325    i.SDMMC_CmdWriteMultiBlock  stm32f4xx_ll_sdmmc.o
    0x0800268a   0x0800268a   0x00000032   Code   RO         2326    i.SDMMC_CmdWriteSingleBlock  stm32f4xx_ll_sdmmc.o
    0x080026bc   0x080026bc   0x00000120   Code   RO         2327    i.SDMMC_GetCmdResp1  stm32f4xx_ll_sdmmc.o
    0x080027dc   0x080027dc   0x00000050   Code   RO         2328    i.SDMMC_GetCmdResp2  stm32f4xx_ll_sdmmc.o
    0x0800282c   0x0800282c   0x00000044   Code   RO         2329    i.SDMMC_GetCmdResp3  stm32f4xx_ll_sdmmc.o
    0x08002870   0x08002870   0x00000088   Code   RO         2330    i.SDMMC_GetCmdResp6  stm32f4xx_ll_sdmmc.o
    0x080028f8   0x080028f8   0x00000020   Code   RO         4187    i.SD_CheckStatus    sd_diskio.o
    0x08002918   0x08002918   0x000000d4   Code   RO         2585    i.SD_FindSCR        stm32f4xx_hal_sd.o
    0x080029ec   0x080029ec   0x000000ee   Code   RO         2586    i.SD_InitCard       stm32f4xx_hal_sd.o
    0x08002ada   0x08002ada   0x00000002   PAD
    0x08002adc   0x08002adc   0x000000b4   Code   RO         2587    i.SD_PowerON        stm32f4xx_hal_sd.o
    0x08002b90   0x08002b90   0x00000020   Code   RO         4188    i.SD_initialize     sd_diskio.o
    0x08002bb0   0x08002bb0   0x00000050   Code   RO         4189    i.SD_ioctl          sd_diskio.o
    0x08002c00   0x08002c00   0x00000026   Code   RO         4190    i.SD_read           sd_diskio.o
    0x08002c26   0x08002c26   0x00000004   Code   RO         4191    i.SD_status         sd_diskio.o
    0x08002c2a   0x08002c2a   0x00000002   PAD
    0x08002c2c   0x08002c2c   0x00000026   Code   RO         4192    i.SD_write          sd_diskio.o
    0x08002c52   0x08002c52   0x00000022   Code   RO         2817    i.SPI_DMAError      stm32f4xx_hal_spi.o
    0x08002c74   0x08002c74   0x0000000a   Code   RO         2819    i.SPI_DMAHalfTransmitCplt  stm32f4xx_hal_spi.o
    0x08002c7e   0x08002c7e   0x00000064   Code   RO         2823    i.SPI_DMATransmitCplt  stm32f4xx_hal_spi.o
    0x08002ce2   0x08002ce2   0x00000002   PAD
    0x08002ce4   0x08002ce4   0x00000058   Code   RO         2827    i.SPI_EndRxTxTransaction  stm32f4xx_hal_spi.o
    0x08002d3c   0x08002d3c   0x00000094   Code   RO         2832    i.SPI_WaitFlagStateUntilTimeout  stm32f4xx_hal_spi.o
    0x08002dd0   0x08002dd0   0x00000002   Code   RO          529    i.SVC_Handler       stm32f4xx_it.o
    0x08002dd2   0x08002dd2   0x00000002   PAD
    0x08002dd4   0x08002dd4   0x00000024   Code   RO          280    i.SW5_pressed_callback  main.o
    0x08002df8   0x08002df8   0x00000002   Code   RO          281    i.SW6_pressed_callback  main.o
    0x08002dfa   0x08002dfa   0x00000004   Code   RO          530    i.SysTick_Handler   stm32f4xx_it.o
    0x08002dfe   0x08002dfe   0x00000002   PAD
    0x08002e00   0x08002e00   0x00000088   Code   RO          282    i.SystemClock_Config  main.o
    0x08002e88   0x08002e88   0x0000001c   Code   RO         4029    i.SystemInit        system_stm32f4xx.o
    0x08002ea4   0x08002ea4   0x000000c8   Code   RO         3190    i.TIM_Base_SetConfig  stm32f4xx_hal_tim.o
    0x08002f6c   0x08002f6c   0x00000002   Code   RO          531    i.UsageFault_Handler  stm32f4xx_it.o
    0x08002f6e   0x08002f6e   0x00000002   Code   RO          283    i.WriteMemory_Default  main.o
    0x08002f70   0x08002f70   0x00000010   Code   RO          284    i.WriteMemory_ExRAM  main.o
    0x08002f80   0x08002f80   0x00000010   Code   RO          285    i.WriteMemory_RAM   main.o
    0x08002f90   0x08002f90   0x00000010   Code   RO          286    i.WriteMemory_SRAM  main.o
    0x08002fa0   0x08002fa0   0x000000b0   Code   RO           11    i.WriteMemory_pAPU  nes_channels.o
    0x08003050   0x08003050   0x00000028   Code   RO         4824    i.__0sprintf$2      mc_w.l(printf2.o)
    0x08003078   0x08003078   0x00000020   Code   RO         1914    i.__NVIC_SetPriority  stm32f4xx_hal_cortex.o
    0x08003098   0x08003098   0x0000000e   Code   RO         5090    i.__scatterload_copy  mc_w.l(handlers.o)
    0x080030a6   0x080030a6   0x00000002   Code   RO         5091    i.__scatterload_null  mc_w.l(handlers.o)
    0x080030a8   0x080030a8   0x0000000e   Code   RO         5092    i.__scatterload_zeroinit  mc_w.l(handlers.o)
    0x080030b6   0x080030b6   0x000000d6   Code   RO         4829    i._printf_core      mc_w.l(printf2.o)
    0x0800318c   0x0800318c   0x0000000a   Code   RO         4831    i._sputc            mc_w.l(printf2.o)
    0x08003196   0x08003196   0x00000002   PAD
    0x08003198   0x08003198   0x00000070   Code   RO         4340    i.check_fs          ff.o
    0x08003208   0x08003208   0x0000005c   Code   RO         4341    i.chk_lock          ff.o
    0x08003264   0x08003264   0x00000020   Code   RO         4342    i.clear_lock        ff.o
    0x08003284   0x08003284   0x00000026   Code   RO         4343    i.clmt_clust        ff.o
    0x080032aa   0x080032aa   0x00000002   PAD
    0x080032ac   0x080032ac   0x00000054   Code   RO           54    i.clockFrame        nes_channels.o
    0x08003300   0x08003300   0x00000030   Code   RO           36    i.clockNoise        nes_channels.o
    0x08003330   0x08003330   0x00000030   Code   RO           48    i.clockPulse        nes_channels.o
    0x08003360   0x08003360   0x00000054   Code   RO           42    i.clockTriangle     nes_channels.o
    0x080033b4   0x080033b4   0x00000018   Code   RO         4344    i.clust2sect        ff.o
    0x080033cc   0x080033cc   0x000000a4   Code   RO         4345    i.create_chain      ff.o
    0x08003470   0x08003470   0x000000bc   Code   RO         4346    i.create_name       ff.o
    0x0800352c   0x0800352c   0x00000034   Code   RO         4347    i.dec_lock          ff.o
    0x08003560   0x08003560   0x00000064   Code   RO         4348    i.dir_find          ff.o
    0x080035c4   0x080035c4   0x00000102   Code   RO         4349    i.dir_next          ff.o
    0x080036c6   0x080036c6   0x00000060   Code   RO         4350    i.dir_read          ff.o
    0x08003726   0x08003726   0x00000066   Code   RO         4351    i.dir_register      ff.o
    0x0800378c   0x0800378c   0x0000008e   Code   RO         4353    i.dir_sdi           ff.o
    0x0800381a   0x0800381a   0x00000002   PAD
    0x0800381c   0x0800381c   0x00000028   Code   RO         4285    i.disk_initialize   diskio.o
    0x08003844   0x08003844   0x0000001c   Code   RO         4286    i.disk_ioctl        diskio.o
    0x08003860   0x08003860   0x0000001c   Code   RO         4287    i.disk_read         diskio.o
    0x0800387c   0x0800387c   0x00000018   Code   RO         4288    i.disk_status       diskio.o
    0x08003894   0x08003894   0x0000001c   Code   RO         4289    i.disk_write        diskio.o
    0x080038b0   0x080038b0   0x00002ff8   Code   RO          287    i.emulate6502       main.o
    0x080068a8   0x080068a8   0x00000028   Code   RO         4354    i.f_close           ff.o
    0x080068d0   0x080068d0   0x00000022   Code   RO         4355    i.f_closedir        ff.o
    0x080068f2   0x080068f2   0x00000002   PAD
    0x080068f4   0x080068f4   0x00000058   Code   RO         4361    i.f_mount           ff.o
    0x0800694c   0x0800694c   0x0000021c   Code   RO         4362    i.f_open            ff.o
    0x08006b68   0x08006b68   0x00000082   Code   RO         4363    i.f_opendir         ff.o
    0x08006bea   0x08006bea   0x00000176   Code   RO         4367    i.f_read            ff.o
    0x08006d60   0x08006d60   0x00000040   Code   RO         4368    i.f_readdir         ff.o
    0x08006da0   0x08006da0   0x0000008e   Code   RO         4371    i.f_sync            ff.o
    0x08006e2e   0x08006e2e   0x00000002   PAD
    0x08006e30   0x08006e30   0x00000288   Code   RO         4375    i.find_volume       ff.o
    0x080070b8   0x080070b8   0x0000007a   Code   RO         4376    i.follow_path       ff.o
    0x08007132   0x08007132   0x00000002   PAD
    0x08007134   0x08007134   0x00000050   Code   RO         5016    i.free              mc_w.l(malloc.o)
    0x08007184   0x08007184   0x000000e8   Code   RO         4377    i.get_fat           ff.o
    0x0800726c   0x0800726c   0x00000004   Code   RO         4248    i.get_fattime       fatfs.o
    0x08007270   0x08007270   0x00000062   Code   RO         4378    i.get_fileinfo      ff.o
    0x080072d2   0x080072d2   0x0000003c   Code   RO         4379    i.get_ldnumber      ff.o
    0x0800730e   0x0800730e   0x00000002   PAD
    0x08007310   0x08007310   0x00000080   Code   RO         4380    i.inc_lock          ff.o
    0x08007390   0x08007390   0x0000001c   Code   RO          125    i.initButtons       button.o
    0x080073ac   0x080073ac   0x00000040   Code   RO          288    i.initInstruction   main.o
    0x080073ec   0x080073ec   0x000000f4   Code   RO          289    i.initRAM           main.o
    0x080074e0   0x080074e0   0x000000b8   Code   RO          290    i.initSong          main.o
    0x08007598   0x08007598   0x00000024   Code   RO           12    i.initTriangleLookup  nes_channels.o
    0x080075bc   0x080075bc   0x00000026   Code   RO         4381    i.ld_clust          ff.o
    0x080075e2   0x080075e2   0x00000016   Code   RO         4382    i.ld_dword          ff.o
    0x080075f8   0x080075f8   0x0000000a   Code   RO         4383    i.ld_word           ff.o
    0x08007602   0x08007602   0x00000002   PAD
    0x08007604   0x08007604   0x00000024   Code   RO          291    i.load_NSF_data     main.o
    0x08007628   0x08007628   0x00000464   Code   RO          293    i.main              main.o
    0x08007a8c   0x08007a8c   0x0000006c   Code   RO         5017    i.malloc            mc_w.l(malloc.o)
    0x08007af8   0x08007af8   0x00000012   Code   RO         4384    i.mem_cpy           ff.o
    0x08007b0a   0x08007b0a   0x00000002   PAD
    0x08007b0c   0x08007b0c   0x0000000e   Code   RO         4385    i.mem_set           ff.o
    0x08007b1a   0x08007b1a   0x00000002   PAD
    0x08007b1c   0x08007b1c   0x000000e4   Code   RO          294    i.mixAudio          main.o
    0x08007c00   0x08007c00   0x00000032   Code   RO         4386    i.move_window       ff.o
    0x08007c32   0x08007c32   0x00000002   PAD
    0x08007c34   0x08007c34   0x000000f8   Code   RO          703    i.print             lcd.o
    0x08007d2c   0x08007d2c   0x00000094   Code   RO          704    i.printi            lcd.o
    0x08007dc0   0x08007dc0   0x00000074   Code   RO          705    i.prints            lcd.o
    0x08007e34   0x08007e34   0x00000124   Code   RO         4387    i.put_fat           ff.o
    0x08007f58   0x08007f58   0x0000008a   Code   RO          102    i.readNoise         nes_channels.o
    0x08007fe2   0x08007fe2   0x00000002   PAD
    0x08007fe4   0x08007fe4   0x00000068   Code   RO           84    i.readPulse         nes_channels.o
    0x0800804c   0x0800804c   0x00000064   Code   RO           90    i.readTriangle      nes_channels.o
    0x080080b0   0x080080b0   0x00000074   Code   RO         4390    i.remove_chain      ff.o
    0x08008124   0x08008124   0x0000008c   Code   RO          295    i.scan_files        main.o
    0x080081b0   0x080081b0   0x00000028   Code   RO         4391    i.st_clust          ff.o
    0x080081d8   0x080081d8   0x00000010   Code   RO         4392    i.st_dword          ff.o
    0x080081e8   0x080081e8   0x00000008   Code   RO         4393    i.st_word           ff.o
    0x080081f0   0x080081f0   0x00000088   Code   RO         4394    i.sync_fs           ff.o
    0x08008278   0x08008278   0x00000052   Code   RO         4395    i.sync_window       ff.o
    0x080082ca   0x080082ca   0x00000002   PAD
    0x080082cc   0x080082cc   0x000000a8   Code   RO          706    i.tft_char_is_changed  lcd.o
    0x08008374   0x08008374   0x00000040   Code   RO          707    i.tft_clear         lcd.o
    0x080083b4   0x080083b4   0x0000007c   Code   RO          708    i.tft_clear2        lcd.o
    0x08008430   0x08008430   0x00000038   Code   RO          709    i.tft_force_clear   lcd.o
    0x08008468   0x08008468   0x000000fc   Code   RO          710    i.tft_init          lcd.o
    0x08008564   0x08008564   0x00000024   Code   RO          711    i.tft_print_image   lcd.o
    0x08008588   0x08008588   0x00000048   Code   RO          712    i.tft_print_image2  lcd.o
    0x080085d0   0x080085d0   0x00000108   Code   RO          714    i.tft_print_rectangle  lcd.o
    0x080086d8   0x080086d8   0x000000fc   Code   RO          715    i.tft_printc        lcd.o
    0x080087d4   0x080087d4   0x00000032   Code   RO          719    i.tft_prints        lcd.o
    0x08008806   0x08008806   0x00000022   Code   RO          723    i.tft_set_region    lcd.o
    0x08008828   0x08008828   0x0000018c   Code   RO          726    i.tft_update        lcd.o
    0x080089b4   0x080089b4   0x00000040   Code   RO          126    i.updateButton      button.o
    0x080089f4   0x080089f4   0x00000038   Code   RO          127    i.updateButtons     button.o
    0x08008a2c   0x08008a2c   0x0000003c   Code   RO           60    i.updateNoise       nes_channels.o
    0x08008a68   0x08008a68   0x00000048   Code   RO           72    i.updatePulse       nes_channels.o
    0x08008ab0   0x08008ab0   0x0000003c   Code   RO           66    i.updateTriangle    nes_channels.o
    0x08008aec   0x08008aec   0x0000005c   Code   RO          296    i.update_DAC_BUFFER  main.o
    0x08008b48   0x08008b48   0x00000034   Code   RO         4396    i.validate          ff.o
    0x08008b7c   0x08008b7c   0x00000028   Code   RO          728    i.write_2hword      lcd.o
    0x08008ba4   0x08008ba4   0x00000038   Code   RO          729    i.write_command     lcd.o
    0x08008bdc   0x08008bdc   0x00000010   Code   RO          730    i.write_data        lcd.o
    0x08008bec   0x08008bec   0x00000016   Code   RO          731    i.write_many        lcd.o
    0x08008c02   0x08008c02   0x00000002   PAD
    0x08008c04   0x08008c04   0x0000001c   Code   RO          732    i.write_many_dma    lcd.o
    0x08008c20   0x08008c20   0x00000054   Data   RO           14    .constdata          nes_channels.o
    0x08008c74   0x08008c74   0x00000200   Data   RO          303    .constdata          main.o
    0x08008e74   0x08008e74   0x00000e5e   Data   RO          735    .constdata          lcd.o
    0x08009cd2   0x08009cd2   0x00000008   Data   RO         1631    .constdata          stm32f4xx_hal_dma.o
    0x08009cda   0x08009cda   0x00000010   Data   RO         4030    .constdata          system_stm32f4xx.o
    0x08009cea   0x08009cea   0x00000002   PAD
    0x08009cec   0x08009cec   0x00000014   Data   RO         4193    .constdata          sd_diskio.o
    0x08009d00   0x08009d00   0x0000009c   Data   RO         4398    .constdata          ff.o
    0x08009d9c   0x08009d9c   0x00000040   Data   RO         5088    Region$$Table       anon$$obj.o


    Execution Region RW_IRAM2 (Exec base: 0x10000000, Load base: 0x08009e78, Size: 0x000016f0, Max: 0x00010000, ABSOLUTE)

    Exec Addr    Load Addr    Size         Type   Attr      Idx    E Section Name        Object

    0x10000000   0x08009e78   0x00000048   Data   RW          305    .data               main.o
    0x10000048   0x08009ec0   0x0000001c   Data   RW          736    .data               lcd.o
    0x10000064   0x08009edc   0x00000005   Data   RW         4251    .data               fatfs.o
    0x10000069   0x08009ee1   0x00000003   PAD
    0x1000006c   0x08009ee4   0x00000008   Data   RW         4399    .data               ff.o
    0x10000074   0x08009eec   0x00000004   Data   RW         5068    .data               mc_w.l(mvars.o)
    0x10000078        -       0x00000040   Zero   RW           13    .bss                nes_channels.o
    0x100000b8        -       0x00001034   Zero   RW         4249    .bss                fatfs.o
    0x100010ec   0x08009ef0   0x00000004   PAD
    0x100010f0        -       0x00000200   Zero   RW            2    HEAP                startup_stm32f405xx.o
    0x100012f0        -       0x00000400   Zero   RW            1    STACK               startup_stm32f405xx.o


    Execution Region RW_IRAM1 (Exec base: 0x20000000, Load base: 0x08009ddc, Size: 0x000116f0, Max: 0x00020000, ABSOLUTE)

    Exec Addr    Load Addr    Size         Type   Attr      Idx    E Section Name        Object

    0x20000000   0x08009ddc   0x00000023   Data   RW           15    .data               nes_channels.o
    0x20000023   0x08009dff   0x00000001   PAD
    0x20000024   0x08009e00   0x00000060   Data   RW          128    .data               button.o
    0x20000084   0x08009e60   0x0000000c   Data   RW         2058    .data               stm32f4xx_hal.o
    0x20000090   0x08009e6c   0x00000004   Data   RW         4032    .data               system_stm32f4xx.o
    0x20000094   0x08009e70   0x00000001   Data   RW         4194    .data               sd_diskio.o
    0x20000095   0x08009e71   0x00000003   PAD
    0x20000098   0x08009e74   0x00000004   Data   RW         5067    .data               mc_w.l(mvars.o)
    0x2000009c        -       0x0000c034   Zero   RW          297    .bss                main.o
    0x2000c0d0        -       0x00000060   Zero   RW          298    .bss                main.o
    0x2000c130        -       0x00000060   Zero   RW          299    .bss                main.o
    0x2000c190        -       0x00000060   Zero   RW          300    .bss                main.o
    0x2000c1f0        -       0x00000060   Zero   RW          301    .bss                main.o
    0x2000c250        -       0x00000060   Zero   RW          302    .bss                main.o
    0x2000c2b0        -       0x00002ee2   Zero   RW          733    .bss                lcd.o
    0x2000f192        -       0x00001500   Zero   RW          734    .bss                lcd.o
    0x20010692   0x08009e78   0x00000002   PAD
    0x20010694        -       0x00001030   Zero   RW         4250    .bss                fatfs.o
    0x200116c4        -       0x00000020   Zero   RW         4397    .bss                ff.o
    0x200116e4        -       0x0000000c   Zero   RW         4673    .bss                ff_gen_drv.o


==============================================================================

Image component sizes


      Code (inc. data)   RO Data    RW Data    ZI Data      Debug   Object Name

       162         26          0          0          0       4144   bsp_driver_sd.o
       148         18          0         96          0     658335   button.o
       148         22          0          0          0       3809   diskio.o
        32         10          0          5       8292       1568   fatfs.o
      4994         80        156          8         32      42481   ff.o
        70          6          0          0         12       1671   ff_gen_drv.o
      2442         98       3678         28      17378      24565   lcd.o
     15110       1512        512         72      49684      36660   main.o
      1170        176         84         35         64      16417   nes_channels.o
       224         14         20          1          0       4632   sd_diskio.o
        36          8        392          0       1536        848   startup_stm32f405xx.o
       180         28          0         12          0       9517   stm32f4xx_hal.o
       198         14          0          0          0      34023   stm32f4xx_hal_cortex.o
       522         26          0          0          0       6234   stm32f4xx_hal_dac.o
        56          0          0          0          0       4021   stm32f4xx_hal_dac_ex.o
       902         16          8          0          0       5899   stm32f4xx_hal_dma.o
       474         46          0          0          0       3740   stm32f4xx_hal_gpio.o
       768         92          0          0          0       4202   stm32f4xx_hal_msp.o
      1264         48          0          0          0       4086   stm32f4xx_hal_rcc.o
      2464         34          0          0          0      12668   stm32f4xx_hal_sd.o
      1072         20          0          0          0       9662   stm32f4xx_hal_spi.o
       290         44          0          0          0       3576   stm32f4xx_hal_tim.o
       144         28          0          0          0       1368   stm32f4xx_hal_tim_ex.o
        80         30          0          0          0       6756   stm32f4xx_it.o
      1656         46          0          0          0      23407   stm32f4xx_ll_sdmmc.o
        28          6         16          4          0       1191   system_stm32f4xx.o

    ----------------------------------------------------------------------
     34692       2448       4932        268      77004     925480   Object Totals
         0          0         64          0          0          0   (incl. Generated)
        58          0          2          7          6          0   (incl. Padding)

    ----------------------------------------------------------------------

      Code (inc. data)   RO Data    RW Data    ZI Data      Debug   Library Member Name

         0          0          0          0          0          0   entry.o
         0          0          0          0          0          0   entry10a.o
         0          0          0          0          0          0   entry11a.o
         8          4          0          0          0          0   entry2.o
         4          0          0          0          0          0   entry5.o
         0          0          0          0          0          0   entry7b.o
         0          0          0          0          0          0   entry8b.o
         8          4          0          0          0          0   entry9a.o
        30          0          0          0          0          0   handlers.o
        36          8          0          0          0         68   init.o
        30          0          0          0          0         68   llshl.o
        32          0          0          0          0         68   llushr.o
       188         20          0          0          0        160   malloc.o
        36          0          0          0          0         68   memcpya.o
        36          0          0          0          0        108   memseta.o
         0          0          0          8          0          0   mvars.o
       264          6          0          0          0        244   printf2.o
        14          0          0          0          0         68   strlen.o
        98          0          0          0          0         92   uldiv.o

    ----------------------------------------------------------------------
       788         42          0          8          0        944   Library Totals
         4          0          0          0          0          0   (incl. Padding)

    ----------------------------------------------------------------------

      Code (inc. data)   RO Data    RW Data    ZI Data      Debug   Library Name

       784         42          0          8          0        944   mc_w.l

    ----------------------------------------------------------------------
       788         42          0          8          0        944   Library Totals

    ----------------------------------------------------------------------

==============================================================================


      Code (inc. data)   RO Data    RW Data    ZI Data      Debug   

     35480       2490       4932        276      77004     903312   Grand Totals
     35480       2490       4932        276      77004     903312   ELF Image Totals
     35480       2490       4932        276          0          0   ROM Totals

==============================================================================

    Total RO  Size (Code + RO Data)                40412 (  39.46kB)
    Total RW  Size (RW Data + ZI Data)             77280 (  75.47kB)
    Total ROM Size (Code + RO Data + RW Data)      40688 (  39.73kB)

==============================================================================

